Component: ARM Compiler 5.06 update 5 (build 528) Tool: armlink [4d35e2]

==============================================================================

Section Cross References

    startup_stm32f103xb.o(STACK) refers (Special) to heapauxi.o(.text) for __use_two_region_memory
    startup_stm32f103xb.o(HEAP) refers (Special) to heapauxi.o(.text) for __use_two_region_memory
    startup_stm32f103xb.o(RESET) refers (Special) to heapauxi.o(.text) for __use_two_region_memory
    startup_stm32f103xb.o(RESET) refers to startup_stm32f103xb.o(STACK) for __initial_sp
    startup_stm32f103xb.o(RESET) refers to startup_stm32f103xb.o(.text) for Reset_Handler
    startup_stm32f103xb.o(RESET) refers to stm32f1xx_it.o(i.NMI_Handler) for NMI_Handler
    startup_stm32f103xb.o(RESET) refers to stm32f1xx_it.o(i.HardFault_Handler) for HardFault_Handler
    startup_stm32f103xb.o(RESET) refers to stm32f1xx_it.o(i.MemManage_Handler) for MemManage_Handler
    startup_stm32f103xb.o(RESET) refers to stm32f1xx_it.o(i.BusFault_Handler) for BusFault_Handler
    startup_stm32f103xb.o(RESET) refers to stm32f1xx_it.o(i.UsageFault_Handler) for UsageFault_Handler
    startup_stm32f103xb.o(RESET) refers to stm32f1xx_it.o(i.SVC_Handler) for SVC_Handler
    startup_stm32f103xb.o(RESET) refers to stm32f1xx_it.o(i.DebugMon_Handler) for DebugMon_Handler
    startup_stm32f103xb.o(RESET) refers to stm32f1xx_it.o(i.PendSV_Handler) for PendSV_Handler
    startup_stm32f103xb.o(RESET) refers to stm32f1xx_it.o(i.SysTick_Handler) for SysTick_Handler
    startup_stm32f103xb.o(RESET) refers to stm32f1xx_it.o(i.TIM3_IRQHandler) for TIM3_IRQHandler
    startup_stm32f103xb.o(RESET) refers to stm32f1xx_it.o(i.TIM4_IRQHandler) for TIM4_IRQHandler
    startup_stm32f103xb.o(RESET) refers to stm32f1xx_it.o(i.USART1_IRQHandler) for USART1_IRQHandler
    startup_stm32f103xb.o(.text) refers (Special) to heapauxi.o(.text) for __use_two_region_memory
    startup_stm32f103xb.o(.text) refers to system_stm32f1xx.o(i.SystemInit) for SystemInit
    startup_stm32f103xb.o(.text) refers to __main.o(!!!main) for __main
    startup_stm32f103xb.o(.text) refers to startup_stm32f103xb.o(HEAP) for Heap_Mem
    startup_stm32f103xb.o(.text) refers to startup_stm32f103xb.o(STACK) for Stack_Mem
    encoder.o(i.ENCODER_GetCount) refers to encoder.o(.data) for .data
    encoder.o(i.ENCODER_GetSpeed_rpm) refers to encoder.o(.data) for .data
    encoder.o(i.ENCODER_Init) refers to tim.o(.bss) for htim3
    encoder.o(i.ENCODER_Init) refers to encoder.o(.data) for .data
    encoder.o(i.ENCODER_Update_Count) refers to fflt_clz.o(x$fpl$fflt) for __aeabi_i2f
    encoder.o(i.ENCODER_Update_Count) refers to fdiv.o(x$fpl$fdiv) for __aeabi_fdiv
    encoder.o(i.ENCODER_Update_Count) refers to fmul.o(x$fpl$fmul) for __aeabi_fmul
    encoder.o(i.ENCODER_Update_Count) refers to tim.o(.bss) for htim3
    encoder.o(i.ENCODER_Update_Count) refers to encoder.o(.data) for .data
    pid.o(i.PID_Calculate) refers to stm32f1xx_hal.o(i.HAL_GetTick) for HAL_GetTick
    pid.o(i.PID_Calculate) refers to fflt_clz.o(x$fpl$ffltu) for __aeabi_ui2f
    pid.o(i.PID_Calculate) refers to fdiv.o(x$fpl$fdiv) for __aeabi_fdiv
    pid.o(i.PID_Calculate) refers to pid.o(i.PID_Compute_Core) for PID_Compute_Core
    pid.o(i.PID_Calculate_Fixed) refers to pid.o(i.PID_Compute_Core) for PID_Compute_Core
    pid.o(i.PID_Compute_Core) refers to faddsub_clz.o(x$fpl$fsub) for __aeabi_fsub
    pid.o(i.PID_Compute_Core) refers to fmul.o(x$fpl$fmul) for __aeabi_fmul
    pid.o(i.PID_Compute_Core) refers to fleqf.o(x$fpl$fleqf) for __aeabi_cfcmple
    pid.o(i.PID_Compute_Core) refers to faddsub_clz.o(x$fpl$fadd) for __aeabi_fadd
    pid.o(i.PID_Compute_Core) refers to faddsub_clz.o(x$fpl$frsb) for __aeabi_frsub
    pid.o(i.PID_Compute_Core) refers to fdiv.o(x$fpl$fdiv) for __aeabi_fdiv
    pid.o(i.PID_Compute_Core) refers to frleqf.o(x$fpl$frleqf) for __aeabi_cfrcmple
    pid.o(i.PID_Init) refers to stm32f1xx_hal.o(i.HAL_GetTick) for HAL_GetTick
    pid.o(i.PID_Reset) refers to stm32f1xx_hal.o(i.HAL_GetTick) for HAL_GetTick
    main.o(i.Command_Parse) refers to main.o(i.GetEventFromString) for GetEventFromString
    main.o(i.Command_Parse) refers to stm32f1xx_hal_gpio.o(i.HAL_GPIO_WritePin) for HAL_GPIO_WritePin
    main.o(i.Command_Parse) refers to fflt_clz.o(x$fpl$fflt) for __aeabi_i2f
    main.o(i.Command_Parse) refers to pid.o(i.PID_SetTarget) for PID_SetTarget
    main.o(i.Command_Parse) refers to faddsub_clz.o(x$fpl$fsub) for __aeabi_fsub
    main.o(i.Command_Parse) refers to pid.o(i.PID_Reset) for PID_Reset
    main.o(i.Command_Parse) refers to main.o(i.MotorStateToString) for MotorStateToString
    main.o(i.Command_Parse) refers to strlen.o(.text) for strlen
    main.o(i.Command_Parse) refers to stm32f1xx_hal_uart.o(i.HAL_UART_Transmit) for HAL_UART_Transmit
    main.o(i.Command_Parse) refers to main.o(.data) for .data
    main.o(i.Command_Parse) refers to main.o(.bss) for .bss
[...]
    dc.s                                     0x00000000   Number         0  dc.o ABSOLUTE
    startup_stm32f103xb.s                    0x00000000   Number         0  startup_stm32f103xb.o ABSOLUTE
    RESET                                    0x08000000   Section      236  startup_stm32f103xb.o(RESET)
    !!!main                                  0x080000ec   Section        8  __main.o(!!!main)
    !!!scatter                               0x080000f4   Section       52  __scatter.o(!!!scatter)
    !!handler_copy                           0x08000128   Section       26  __scatter_copy.o(!!handler_copy)
    !!handler_zi                             0x08000144   Section       28  __scatter_zi.o(!!handler_zi)
    .ARM.Collect$$_printf_percent$$00000000  0x08000160   Section        0  _printf_percent.o(.ARM.Collect$$_printf_percent$$00000000)
    .ARM.Collect$$_printf_percent$$00000003  0x08000160   Section        6  _printf_f.o(.ARM.Collect$$_printf_percent$$00000003)
    .ARM.Collect$$_printf_percent$$00000009  0x08000166   Section        6  _printf_d.o(.ARM.Collect$$_printf_percent$$00000009)
    .ARM.Collect$$_printf_percent$$00000017  0x0800016c   Section        4  _printf_percent_end.o(.ARM.Collect$$_printf_percent$$00000017)
    .ARM.Collect$$libinit$$00000000          0x08000170   Section        2  libinit.o(.ARM.Collect$$libinit$$00000000)
    .ARM.Collect$$libinit$$00000002          0x08000172   Section        0  libinit2.o(.ARM.Collect$$libinit$$00000002)
    .ARM.Collect$$libinit$$00000004          0x08000172   Section        0  libinit2.o(.ARM.Collect$$libinit$$00000004)
    .ARM.Collect$$libinit$$0000000A          0x08000172   Section        0  libinit2.o(.ARM.Collect$$libinit$$0000000A)
    .ARM.Collect$$libinit$$0000000C          0x08000172   Section        0  libinit2.o(.ARM.Collect$$libinit$$0000000C)
    .ARM.Collect$$libinit$$0000000E          0x08000172   Section        0  libinit2.o(.ARM.Collect$$libinit$$0000000E)
    .ARM.Collect$$libinit$$0000000F          0x08000172   Section        6  libinit2.o(.ARM.Collect$$libinit$$0000000F)
    .ARM.Collect$$libinit$$00000011          0x08000178   Section        0  libinit2.o(.ARM.Collect$$libinit$$00000011)
    .ARM.Collect$$libinit$$00000013          0x08000178   Section        0  libinit2.o(.ARM.Collect$$libinit$$00000013)
    .ARM.Collect$$libinit$$00000015          0x08000178   Section        0  libinit2.o(.ARM.Collect$$libinit$$00000015)
    .ARM.Collect$$libinit$$00000016          0x08000178   Section       10  libinit2.o(.ARM.Collect$$libinit$$00000016)
    .ARM.Collect$$libinit$$00000017          0x08000182   Section        0  libinit2.o(.ARM.Collect$$libinit$$00000017)
    .ARM.Collect$$libinit$$00000019          0x08000182   Section        0  libinit2.o(.ARM.Collect$$libinit$$00000019)
    .ARM.Collect$$libinit$$0000001B          0x08000182   Section        0  libinit2.o(.ARM.Collect$$libinit$$0000001B)
    .ARM.Collect$$libinit$$0000001D          0x08000182   Section        0  libinit2.o(.ARM.Collect$$libinit$$0000001D)
    .ARM.Collect$$libinit$$0000001F          0x08000182   Section        0  libinit2.o(.ARM.Collect$$libinit$$0000001F)
    .ARM.Collect$$libinit$$00000021          0x08000182   Section        0  libinit2.o(.ARM.Collect$$libinit$$00000021)
    .ARM.Collect$$libinit$$00000023          0x08000182   Section        0  libinit2.o(.ARM.Collect$$libinit$$00000023)
    .ARM.Collect$$libinit$$00000025          0x08000182   Section        0  libinit2.o(.ARM.Collect$$libinit$$00000025)
    .ARM.Collect$$libinit$$0000002C          0x08000182   Section        0  libinit2.o(.ARM.Collect$$libinit$$0000002C)
    .ARM.Collect$$libinit$$0000002E          0x08000182   Section        0  libinit2.o(.ARM.Collect$$libinit$$0000002E)
    .ARM.Collect$$libinit$$00000030          0x08000182   Section        0  libinit2.o(.ARM.Collect$$libinit$$00000030)
    .ARM.Collect$$libinit$$00000032          0x08000182   Section        0  libinit2.o(.ARM.Collect$$libinit$$00000032)
    .ARM.Collect$$libinit$$00000033          0x08000182   Section        2  libinit2.o(.ARM.Collect$$libinit$$00000033)
    .ARM.Collect$$libshutdown$$00000000      0x08000184   Section        2  libshutdown.o(.ARM.Collect$$libshutdown$$00000000)
    .ARM.Collect$$libshutdown$$00000002      0x08000186   Section        0  libshutdown2.o(.ARM.Collect$$libshutdown$$00000002)
    .ARM.Collect$$libshutdown$$00000004      0x08000186   Section        0  libshutdown2.o(.ARM.Collect$$libshutdown$$00000004)
    .ARM.Collect$$libshutdown$$00000007      0x08000186   Section        0  libshutdown2.o(.ARM.Collect$$libshutdown$$00000007)
    .ARM.Collect$$libshutdown$$0000000A      0x08000186   Section        0  libshutdown2.o(.ARM.Collect$$libshutdown$$0000000A)
    .ARM.Collect$$libshutdown$$0000000C      0x08000186   Section        0  libshutdown2.o(.ARM.Collect$$libshutdown$$0000000C)
    .ARM.Collect$$libshutdown$$0000000F      0x08000186   Section        0  libshutdown2.o(.ARM.Collect$$libshutdown$$0000000F)
    .ARM.Collect$$libshutdown$$00000010      0x08000186   Section        2  libshutdown2.o(.ARM.Collect$$libshutdown$$00000010)
    .ARM.Collect$$rtentry$$00000000          0x08000188   Section        0  __rtentry.o(.ARM.Collect$$rtentry$$00000000)
    .ARM.Collect$$rtentry$$00000002          0x08000188   Section        0  __rtentry2.o(.ARM.Collect$$rtentry$$00000002)
    .ARM.Collect$$rtentry$$00000004          0x08000188   Section        6  __rtentry4.o(.ARM.Collect$$rtentry$$00000004)
    .ARM.Collect$$rtentry$$00000009          0x0800018e   Section        0  __rtentry2.o(.ARM.Collect$$rtentry$$00000009)
    .ARM.Collect$$rtentry$$0000000A          0x0800018e   Section        4  __rtentry2.o(.ARM.Collect$$rtentry$$0000000A)
    .ARM.Collect$$rtentry$$0000000C          0x08000192   Section        0  __rtentry2.o(.ARM.Collect$$rtentry$$0000000C)
    .ARM.Collect$$rtentry$$0000000D          0x08000192   Section        8  __rtentry2.o(.ARM.Collect$$rtentry$$0000000D)
    .ARM.Collect$$rtexit$$00000000           0x0800019a   Section        2  rtexit.o(.ARM.Collect$$rtexit$$00000000)
    .ARM.Collect$$rtexit$$00000002           0x0800019c   Section        0  rtexit2.o(.ARM.Collect$$rtexit$$00000002)
    .ARM.Collect$$rtexit$$00000003           0x0800019c   Section        4  rtexit2.o(.ARM.Collect$$rtexit$$00000003)
    .ARM.Collect$$rtexit$$00000004           0x080001a0   Section        6  rtexit2.o(.ARM.Collect$$rtexit$$00000004)
    .text                                    0x080001a8   Section       64  startup_stm32f103xb.o(.text)
    .text                                    0x080001e8   Section        0  noretval__2sprintf.o(.text)
    .text                                    0x08000210   Section        0  _printf_dec.o(.text)
    .text                                    0x08000288   Section        0  __printf_wp.o(.text)
    .text                                    0x08000396   Section        0  strlen.o(.text)
    .text                                    0x080003d4   Section       78  rt_memclr_w.o(.text)
    .text                                    0x08000424   Section      128  strcmpv7m.o(.text)
    .text                                    0x080004a4   Section        0  heapauxi.o(.text)
    .text                                    0x080004aa   Section        0  _printf_intcommon.o(.text)
    .text                                    0x0800055c   Section        0  _printf_fp_dec.o(.text)
    _fp_digits                               0x0800055f   Thumb Code   432  _printf_fp_dec.o(.text)
    .text                                    0x0800097c   Section        0  _printf_char_common.o(.text)
    _printf_input_char                       0x0800097d   Thumb Code    10  _printf_char_common.o(.text)
    .text                                    0x080009ac   Section        0  _sputc.o(.text)
    .text                                    0x080009b8   Section        8  rt_locale_intlibspace.o(.text)
    .text                                    0x080009c0   Section      138  lludiv10.o(.text)
    .text                                    0x08000a4c   Section        0  _printf_fp_infnan.o(.text)
    .text                                    0x08000acc   Section        0  bigflt0.o(.text)
    .text                                    0x08000bb0   Section        8  libspace.o(.text)
    .text                                    0x08000bb8   Section       74  sys_stackheap_outer.o(.text)
    .text                                    0x08000c02   Section        0  exit.o(.text)
    .text                                    0x08000c14   Section        0  sys_exit.o(.text)
    .text                                    0x08000c20   Section        2  use_no_semi.o(.text)
    .text                                    0x08000c22   Section        0  indicate_semi.o(.text)
    CL$$btod_d2e                             0x08000c22   Section       62  btod.o(CL$$btod_d2e)
    CL$$btod_d2e_denorm_low                  0x08000c60   Section       70  btod.o(CL$$btod_d2e_denorm_low)
    CL$$btod_d2e_norm_op1                    0x08000ca6   Section       96  btod.o(CL$$btod_d2e_norm_op1)
    CL$$btod_div_common                      0x08000d06   Section      824  btod.o(CL$$btod_div_common)
    CL$$btod_e2e                             0x0800103e   Section      220  btod.o(CL$$btod_e2e)
    CL$$btod_ediv                            0x0800111a   Section       42  btod.o(CL$$btod_ediv)
    CL$$btod_emul                            0x08001144   Section       42  btod.o(CL$$btod_emul)
    CL$$btod_mult_common                     0x0800116e   Section      580  btod.o(CL$$btod_mult_common)
    i.BusFault_Handler                       0x080013b2   Section        0  stm32f1xx_it.o(i.BusFault_Handler)
    i.DebugMon_Handler                       0x080013b4   Section        0  stm32f1xx_it.o(i.DebugMon_Handler)
    i.ENCODER_GetCount                       0x080013b8   Section        0  encoder.o(i.ENCODER_GetCount)
    i.ENCODER_GetSpeed_rpm                   0x080013c4   Section        0  encoder.o(i.ENCODER_GetSpeed_rpm)
    i.ENCODER_Init                           0x080013d0   Section        0  encoder.o(i.ENCODER_Init)
    i.ENCODER_Update_Count                   0x080013f0   Section        0  encoder.o(i.ENCODER_Update_Count)
    i.Encoder_Print_Per_2s                   0x0800146c   Section        0  main.o(i.Encoder_Print_Per_2s)
    i.Error_Handler                          0x080014ec   Section        0  main.o(i.Error_Handler)
    i.HAL_DMA_Abort                          0x080014f0   Section        0  stm32f1xx_hal_dma.o(i.HAL_DMA_Abort)
    i.HAL_DMA_Abort_IT                       0x08001538   Section        0  stm32f1xx_hal_dma.o(i.HAL_DMA_Abort_IT)
    i.HAL_GPIO_Init                          0x080015d0   Section        0  stm32f1xx_hal_gpio.o(i.HAL_GPIO_Init)
    i.HAL_GPIO_WritePin                      0x080017b0   Section        0  stm32f1xx_hal_gpio.o(i.HAL_GPIO_WritePin)
    i.HAL_GetTick                            0x080017bc   Section        0  stm32f1xx_hal.o(i.HAL_GetTick)
    i.HAL_IncTick                            0x080017c8   Section        0  stm32f1xx_hal.o(i.HAL_IncTick)
    i.HAL_Init                               0x080017d8   Section        0  stm32f1xx_hal.o(i.HAL_Init)
    i.HAL_InitTick                           0x080017fc   Section        0  stm32f1xx_hal.o(i.HAL_InitTick)
    i.HAL_MspInit                            0x0800183c   Section        0  stm32f1xx_hal_msp.o(i.HAL_MspInit)
    i.HAL_NVIC_EnableIRQ                     0x08001878   Section        0  stm32f1xx_hal_cortex.o(i.HAL_NVIC_EnableIRQ)
    i.HAL_NVIC_SetPriority                   0x08001894   Section        0  stm32f1xx_hal_cortex.o(i.HAL_NVIC_SetPriority)
    i.HAL_NVIC_SetPriorityGrouping           0x080018d4   Section        0  stm32f1xx_hal_cortex.o(i.HAL_NVIC_SetPriorityGrouping)
    i.HAL_RCC_ClockConfig                    0x080018f8   Section        0  stm32f1xx_hal_rcc.o(i.HAL_RCC_ClockConfig)
    i.HAL_RCC_GetPCLK1Freq                   0x08001a24   Section        0  stm32f1xx_hal_rcc.o(i.HAL_RCC_GetPCLK1Freq)
    i.HAL_RCC_GetPCLK2Freq                   0x08001a44   Section        0  stm32f1xx_hal_rcc.o(i.HAL_RCC_GetPCLK2Freq)
    i.HAL_RCC_GetSysClockFreq                0x08001a64   Section        0  stm32f1xx_hal_rcc.o(i.HAL_RCC_GetSysClockFreq)
    i.HAL_RCC_OscConfig                      0x08001ab0   Section        0  stm32f1xx_hal_rcc.o(i.HAL_RCC_OscConfig)
    i.HAL_SYSTICK_Config                     0x08001dd0   Section        0  stm32f1xx_hal_cortex.o(i.HAL_SYSTICK_Config)
    i.HAL_TIMEx_BreakCallback                0x08001df8   Section        0  stm32f1xx_hal_tim_ex.o(i.HAL_TIMEx_BreakCallback)
    i.HAL_TIMEx_CommutCallback               0x08001dfa   Section        0  stm32f1xx_hal_tim_ex.o(i.HAL_TIMEx_CommutCallback)
    i.HAL_TIMEx_MasterConfigSynchronization  0x08001dfc   Section        0  stm32f1xx_hal_tim_ex.o(i.HAL_TIMEx_MasterConfigSynchronization)
    i.HAL_TIM_Base_Init                      0x08001e64   Section        0  stm32f1xx_hal_tim.o(i.HAL_TIM_Base_Init)
    i.HAL_TIM_Base_MspInit                   0x08001ec0   Section        0  tim.o(i.HAL_TIM_Base_MspInit)
    i.HAL_TIM_Base_Start_IT                  0x08001f10   Section        0  stm32f1xx_hal_tim.o(i.HAL_TIM_Base_Start_IT)
    i.HAL_TIM_ConfigClockSource              0x08001f68   Section        0  stm32f1xx_hal_tim.o(i.HAL_TIM_ConfigClockSource)
    i.HAL_TIM_Encoder_Init                   0x08002044   Section        0  stm32f1xx_hal_tim.o(i.HAL_TIM_Encoder_Init)
    i.HAL_TIM_Encoder_MspInit                0x080020e8   Section        0  tim.o(i.HAL_TIM_Encoder_MspInit)
    i.HAL_TIM_Encoder_Start                  0x0800214c   Section        0  stm32f1xx_hal_tim.o(i.HAL_TIM_Encoder_Start)
    i.HAL_TIM_IC_CaptureCallback             0x080021da   Section        0  stm32f1xx_hal_tim.o(i.HAL_TIM_IC_CaptureCallback)
    i.HAL_TIM_IRQHandler                     0x080021dc   Section        0  stm32f1xx_hal_tim.o(i.HAL_TIM_IRQHandler)
    i.HAL_TIM_MspPostInit                    0x0800230c   Section        0  tim.o(i.HAL_TIM_MspPostInit)
    i.HAL_TIM_OC_DelayElapsedCallback        0x08002354   Section        0  stm32f1xx_hal_tim.o(i.HAL_TIM_OC_DelayElapsedCallback)
    i.HAL_TIM_PWM_ConfigChannel              0x08002356   Section        0  stm32f1xx_hal_tim.o(i.HAL_TIM_PWM_ConfigChannel)
    i.HAL_TIM_PWM_Init                       0x08002422   Section        0  stm32f1xx_hal_tim.o(i.HAL_TIM_PWM_Init)
    i.HAL_TIM_PWM_MspInit                    0x0800247c   Section        0  stm32f1xx_hal_tim.o(i.HAL_TIM_PWM_MspInit)
    i.HAL_TIM_PWM_PulseFinishedCallback      0x0800247e   Section        0  stm32f1xx_hal_tim.o(i.HAL_TIM_PWM_PulseFinishedCallback)
    i.HAL_TIM_PWM_Start                      0x08002480   Section        0  stm32f1xx_hal_tim.o(i.HAL_TIM_PWM_Start)
    i.HAL_TIM_PeriodElapsedCallback          0x0800251c   Section        0  main.o(i.HAL_TIM_PeriodElapsedCallback)
    i.HAL_TIM_TriggerCallback                0x0800253c   Section        0  stm32f1xx_hal_tim.o(i.HAL_TIM_TriggerCallback)
    i.HAL_UARTEx_RxEventCallback             0x0800253e   Section        0  stm32f1xx_hal_uart.o(i.HAL_UARTEx_RxEventCallback)
    i.HAL_UART_ErrorCallback                 0x08002540   Section        0  stm32f1xx_hal_uart.o(i.HAL_UART_ErrorCallback)
    i.HAL_UART_IRQHandler                    0x08002544   Section        0  stm32f1xx_hal_uart.o(i.HAL_UART_IRQHandler)
    i.HAL_UART_Init                          0x080027b0   Section        0  stm32f1xx_hal_uart.o(i.HAL_UART_Init)
    i.HAL_UART_MspInit                       0x08002814   Section        0  usart.o(i.HAL_UART_MspInit)
    i.HAL_UART_Receive_IT                    0x08002894   Section        0  stm32f1xx_hal_uart.o(i.HAL_UART_Receive_IT)
    i.HAL_UART_RxCpltCallback                0x080028b0   Section        0  main.o(i.HAL_UART_RxCpltCallback)
    i.HAL_UART_Transmit                      0x08002904   Section        0  stm32f1xx_hal_uart.o(i.HAL_UART_Transmit)
    i.HAL_UART_TxCpltCallback                0x080029a4   Section        0  stm32f1xx_hal_uart.o(i.HAL_UART_TxCpltCallback)
    i.HardFault_Handler                      0x080029a6   Section        0  stm32f1xx_it.o(i.HardFault_Handler)
    i.MX_GPIO_Init                           0x080029a8   Section        0  gpio.o(i.MX_GPIO_Init)
    i.MX_TIM2_Init                           0x08002a18   Section        0  tim.o(i.MX_TIM2_Init)
    i.MX_TIM3_Init                           0x08002abc   Section        0  tim.o(i.MX_TIM3_Init)
    i.MX_TIM4_Init                           0x08002b28   Section        0  tim.o(i.MX_TIM4_Init)
    i.MX_USART1_UART_Init                    0x08002b90   Section        0  usart.o(i.MX_USART1_UART_Init)
    i.MemManage_Handler                      0x08002bc8   Section        0  stm32f1xx_it.o(i.MemManage_Handler)
    i.NMI_Handler                            0x08002bca   Section        0  stm32f1xx_it.o(i.NMI_Handler)
    i.PID_Calculate_Fixed                    0x08002bcc   Section        0  pid.o(i.PID_Calculate_Fixed)
    i.PID_Compute_Core                       0x08002bd8   Section        0  pid.o(i.PID_Compute_Core)
    PID_Compute_Core                         0x08002bd9   Thumb Code   390  pid.o(i.PID_Compute_Core)
    i.PID_Enable                             0x08002d68   Section        0  pid.o(i.PID_Enable)
    i.PID_GetTarget                          0x08002d74   Section        0  pid.o(i.PID_GetTarget)
    i.PID_Init                               0x08002d78   Section        0  pid.o(i.PID_Init)
    i.PID_Reset                              0x08002df4   Section        0  pid.o(i.PID_Reset)
    i.PID_SetTarget                          0x08002e0e   Section        0  pid.o(i.PID_SetTarget)
    i.PendSV_Handler                         0x08002e12   Section        0  stm32f1xx_it.o(i.PendSV_Handler)
    i.SVC_Handler                            0x08002e14   Section        0  stm32f1xx_it.o(i.SVC_Handler)
    i.SysTick_Handler                        0x08002e16   Section        0  stm32f1xx_it.o(i.SysTick_Handler)
    i.SystemClock_Config                     0x08002e1a   Section        0  main.o(i.SystemClock_Config)
    i.SystemInit                             0x08002e78   Section        0  system_stm32f1xx.o(i.SystemInit)
    i.TIM3_IRQHandler                        0x08002e7c   Section        0  stm32f1xx_it.o(i.TIM3_IRQHandler)
    i.TIM4_IRQHandler                        0x08002e88   Section        0  stm32f1xx_it.o(i.TIM4_IRQHandler)
    i.TIM_Base_SetConfig                     0x08002e94   Section        0  stm32f1xx_hal_tim.o(i.TIM_Base_SetConfig)
    i.TIM_CCxChannelCmd                      0x08002f0c   Section        0  stm32f1xx_hal_tim.o(i.TIM_CCxChannelCmd)
    i.TIM_ETR_SetConfig                      0x08002f26   Section        0  stm32f1xx_hal_tim.o(i.TIM_ETR_SetConfig)
    i.TIM_ITRx_SetConfig                     0x08002f3a   Section        0  stm32f1xx_hal_tim.o(i.TIM_ITRx_SetConfig)
    TIM_ITRx_SetConfig                       0x08002f3b   Thumb Code    16  stm32f1xx_hal_tim.o(i.TIM_ITRx_SetConfig)
    i.TIM_OC1_SetConfig                      0x08002f4c   Section        0  stm32f1xx_hal_tim.o(i.TIM_OC1_SetConfig)
    TIM_OC1_SetConfig                        0x08002f4d   Thumb Code    74  stm32f1xx_hal_tim.o(i.TIM_OC1_SetConfig)
    i.TIM_OC2_SetConfig                      0x08002f9c   Section        0  stm32f1xx_hal_tim.o(i.TIM_OC2_SetConfig)
    i.TIM_OC3_SetConfig                      0x08002ff4   Section        0  stm32f1xx_hal_tim.o(i.TIM_OC3_SetConfig)
    TIM_OC3_SetConfig                        0x08002ff5   Thumb Code    82  stm32f1xx_hal_tim.o(i.TIM_OC3_SetConfig)
    i.TIM_OC4_SetConfig                      0x0800304c   Section        0  stm32f1xx_hal_tim.o(i.TIM_OC4_SetConfig)
    TIM_OC4_SetConfig                        0x0800304d   Thumb Code    64  stm32f1xx_hal_tim.o(i.TIM_OC4_SetConfig)
    i.TIM_TI1_ConfigInputStage               0x08003090   Section        0  stm32f1xx_hal_tim.o(i.TIM_TI1_ConfigInputStage)
    TIM_TI1_ConfigInputStage                 0x08003091   Thumb Code    34  stm32f1xx_hal_tim.o(i.TIM_TI1_ConfigInputStage)
    i.TIM_TI2_ConfigInputStage               0x080030b2   Section        0  stm32f1xx_hal_tim.o(i.TIM_TI2_ConfigInputStage)
    TIM_TI2_ConfigInputStage                 0x080030b3   Thumb Code    36  stm32f1xx_hal_tim.o(i.TIM_TI2_ConfigInputStage)
    i.TT_SetSpeed                            0x080030d8   Section        0  main.o(i.TT_SetSpeed)
    i.UART_DMAAbortOnError                   0x08003118   Section        0  stm32f1xx_hal_uart.o(i.UART_DMAAbortOnError)
    UART_DMAAbortOnError                     0x08003119   Thumb Code    16  stm32f1xx_hal_uart.o(i.UART_DMAAbortOnError)
    i.UART_EndRxTransfer                     0x08003128   Section        0  stm32f1xx_hal_uart.o(i.UART_EndRxTransfer)
    UART_EndRxTransfer                       0x08003129   Thumb Code    78  stm32f1xx_hal_uart.o(i.UART_EndRxTransfer)
    i.UART_Receive_IT                        0x08003176   Section        0  stm32f1xx_hal_uart.o(i.UART_Receive_IT)
    UART_Receive_IT                          0x08003177   Thumb Code   194  stm32f1xx_hal_uart.o(i.UART_Receive_IT)
    i.UART_SetConfig                         0x08003238   Section        0  stm32f1xx_hal_uart.o(i.UART_SetConfig)
    UART_SetConfig                           0x08003239   Thumb Code   178  stm32f1xx_hal_uart.o(i.UART_SetConfig)
    i.UART_Start_Receive_IT                  0x080032f0   Section        0  stm32f1xx_hal_uart.o(i.UART_Start_Receive_IT)
    i.UART_WaitOnFlagUntilTimeout            0x08003326   Section        0  stm32f1xx_hal_uart.o(i.UART_WaitOnFlagUntilTimeout)
    UART_WaitOnFlagUntilTimeout              0x08003327   Thumb Code   114  stm32f1xx_hal_uart.o(i.UART_WaitOnFlagUntilTimeout)
    i.USART1_IRQHandler                      0x08003398   Section        0  stm32f1xx_it.o(i.USART1_IRQHandler)
    i.UsageFault_Handler                     0x080033a4   Section        0  stm32f1xx_it.o(i.UsageFault_Handler)
    i.__ARM_fpclassify                       0x080033a6   Section        0  fpclassify.o(i.__ARM_fpclassify)
    i.__NVIC_SetPriority                     0x080033ce   Section        0  stm32f1xx_hal_cortex.o(i.__NVIC_SetPriority)
    __NVIC_SetPriority                       0x080033cf   Thumb Code    32  stm32f1xx_hal_cortex.o(i.__NVIC_SetPriority)
    i._is_digit                              0x080033ee   Section        0  __printf_wp.o(i._is_digit)
    i.main                                   0x080033fc   Section        0  main.o(i.main)
    locale$$code                             0x08003528   Section       44  lc_numeric_c.o(locale$$code)
    x$fpl$dretinf                            0x08003554   Section       12  dretinf.o(x$fpl$dretinf)
    x$fpl$f2d                                0x08003560   Section       86  f2d.o(x$fpl$f2d)
    x$fpl$fadd                               0x080035b8   Section      196  faddsub_clz.o(x$fpl$fadd)
    _fadd1                                   0x080035c7   Thumb Code     0  faddsub_clz.o(x$fpl$fadd)
    x$fpl$fcmpinf                            0x0800367c   Section       24  fcmpi.o(x$fpl$fcmpinf)
    x$fpl$fdiv                               0x08003694   Section      388  fdiv.o(x$fpl$fdiv)
    _fdiv1                                   0x08003695   Thumb Code     0  fdiv.o(x$fpl$fdiv)
    x$fpl$ffix                               0x08003818   Section       54  ffix.o(x$fpl$ffix)
    x$fpl$fflt                               0x08003850   Section       48  fflt_clz.o(x$fpl$fflt)
    x$fpl$fleqf                              0x08003880   Section      104  fleqf.o(x$fpl$fleqf)
    x$fpl$fmul                               0x080038e8   Section      258  fmul.o(x$fpl$fmul)
    x$fpl$fnaninf                            0x080039ea   Section      140  fnaninf.o(x$fpl$fnaninf)
    x$fpl$fretinf                            0x08003a76   Section       10  fretinf.o(x$fpl$fretinf)
    x$fpl$frleqf                             0x08003a80   Section       98  frleqf.o(x$fpl$frleqf)
    x$fpl$frsb                               0x08003ae2   Section       20  faddsub_clz.o(x$fpl$frsb)
    x$fpl$fsub                               0x08003af8   Section      234  faddsub_clz.o(x$fpl$fsub)
    _fsub1                                   0x08003b07   Thumb Code     0  faddsub_clz.o(x$fpl$fsub)
    x$fpl$printf1                            0x08003be2   Section        4  printf1.o(x$fpl$printf1)
    .constdata                               0x08003be6   Section       18  stm32f1xx_hal_rcc.o(.constdata)
    x$fpl$usenofp                            0x08003be6   Section        0  usenofp.o(x$fpl$usenofp)
    aPredivFactorTable                       0x08003be6   Data           2  stm32f1xx_hal_rcc.o(.constdata)
    aPLLMULFactorTable                       0x08003be8   Data          16  stm32f1xx_hal_rcc.o(.constdata)
    .constdata                               0x08003bf8   Section       16  system_stm32f1xx.o(.constdata)
    .constdata                               0x08003c08   Section        8  system_stm32f1xx.o(.constdata)
    .constdata                               0x08003c10   Section      148  bigflt0.o(.constdata)
    tenpwrs_x                                0x08003c10   Data          60  bigflt0.o(.constdata)
    tenpwrs_i                                0x08003c4c   Data          64  bigflt0.o(.constdata)
    locale$$data                             0x08003cc4   Section       28  lc_numeric_c.o(locale$$data)
    __lcnum_c_name                           0x08003cc8   Data           2  lc_numeric_c.o(locale$$data)
    __lcnum_c_start                          0x08003cd0   Data           0  lc_numeric_c.o(locale$$data)
    __lcnum_c_point                          0x08003cdc   Data           0  lc_numeric_c.o(locale$$data)
    __lcnum_c_thousands                      0x08003cde   Data           0  lc_numeric_c.o(locale$$data)
    __lcnum_c_grouping                       0x08003cdf   Data           0  lc_numeric_c.o(locale$$data)
    __lcnum_c_end                            0x08003ce0   Data           0  lc_numeric_c.o(locale$$data)
    .data                                    0x20000000   Section       16  encoder.o(.data)
    last_cnt                                 0x20000000   Data           4  encoder.o(.data)
    total_cnt                                0x20000004   Data           4  encoder.o(.data)
    current_rpm                              0x20000008   Data           4  encoder.o(.data)
    prev_total                               0x2000000c   Data           4  encoder.o(.data)
    .data                                    0x20000010   Section       24  main.o(.data)
    g_target_rpm                             0x20000018   Data           4  main.o(.data)
    last_target                              0x2000001c   Data           4  main.o(.data)
    t                                        0x20000024   Data           4  main.o(.data)
    .data                                    0x20000028   Section       12  stm32f1xx_hal.o(.data)
    .data                                    0x20000034   Section        4  system_stm32f1xx.o(.data)
    .bss                                     0x20000038   Section      132  main.o(.bss)
    .bss                                     0x200000bc   Section      216  tim.o(.bss)
    .bss                                     0x20000194   Section       72  usart.o(.bss)
    .bss                                     0x200001dc   Section       96  libspace.o(.bss)
    HEAP                                     0x20000240   Section      512  startup_stm32f103xb.o(HEAP)
    Heap_Mem                                 0x20000240   Data         512  startup_stm32f103xb.o(HEAP)
    STACK                                    0x20000440   Section     1024  startup_stm32f103xb.o(STACK)
    Stack_Mem                                0x20000440   Data        1024  startup_stm32f103xb.o(STACK)
    __initial_sp                             0x20000840   Data           0  startup_stm32f103xb.o(STACK)

    Global Symbols

    Symbol Name                              Value     Ov Type        Size  Object(Section)

    BuildAttributes$$THM_ISAv4$P$D$K$B$S$PE$A:L22UL41UL21$X:L11$S22US41US21$IEEE1$IW$USESV6$~STKCKD$USESV7$~SHL$OTIME$ROPI$IEEEJ$EBA8$UX$STANDARDLIB$REQ8$PRES8$EABIv2 0x00000000   Number         0  anon$$obj.o ABSOLUTE
    __ARM_use_no_argv                        0x00000000   Number         0  main.o ABSOLUTE
    _printf_flags                            0x00000000   Number         0  printf_stubs.o ABSOLUTE
    _printf_return_value                     0x00000000   Number         0  printf_stubs.o ABSOLUTE
    _printf_sizespec                         0x00000000   Number         0  printf_stubs.o ABSOLUTE
    _printf_widthprec                        0x00000000   Number         0  printf_stubs.o ABSOLUTE
    __ARM_exceptions_init                     - Undefined Weak Reference
    __alloca_initialize                       - Undefined Weak Reference
    __arm_preinit_                            - Undefined Weak Reference
    __cpp_initialize__aeabi_                  - Undefined Weak Reference
    __cxa_finalize                            - Undefined Weak Reference
    __sigvec_lookup                           - Undefined Weak Reference
    _atexit_init                              - Undefined Weak Reference
    _call_atexit_fns                          - Undefined Weak Reference
    _clock_init                               - Undefined Weak Reference
    _fp_trap_init                             - Undefined Weak Reference
    _fp_trap_shutdown                         - Undefined Weak Reference
    _get_lc_collate                           - Undefined Weak Reference
    _get_lc_monetary                          - Undefined Weak Reference
    _get_lc_time                              - Undefined Weak Reference
    _getenv_init                              - Undefined Weak Reference
    _handle_redirection                       - Undefined Weak Reference
    _init_alloc                               - Undefined Weak Reference
    _init_user_alloc                          - Undefined Weak Reference
    _initio                                   - Undefined Weak Reference
    _printf_post_padding                      - Undefined Weak Reference
    _printf_pre_padding                       - Undefined Weak Reference
    _printf_truncate_signed                   - Undefined Weak Reference
    _printf_truncate_unsigned                 - Undefined Weak Reference
    _rand_init                                - Undefined Weak Reference
    _scanf_longlong                           - Undefined Weak Reference
    _scanf_mbtowc                             - Undefined Weak Reference
    _scanf_real                               - Undefined Weak Reference
    _scanf_wctomb                             - Undefined Weak Reference
    _scanf_wstring                            - Undefined Weak Reference
    _signal_finish                            - Undefined Weak Reference
    _signal_init                              - Undefined Weak Reference
    _terminate_alloc                          - Undefined Weak Reference
    _terminate_user_alloc                     - Undefined Weak Reference
    _terminateio                              - Undefined Weak Reference
    __Vectors_Size                           0x000000ec   Number         0  startup_stm32f103xb.o ABSOLUTE
    __Vectors                                0x08000000   Data           4  startup_stm32f103xb.o(RESET)
    __Vectors_End                            0x080000ec   Data           0  startup_stm32f103xb.o(RESET)
    __main                                   0x080000ed   Thumb Code     8  __main.o(!!!main)
    __scatterload                            0x080000f5   Thumb Code     0  __scatter.o(!!!scatter)
    __scatterload_rt2                        0x080000f5   Thumb Code    44  __scatter.o(!!!scatter)
    __scatterload_rt2_thumb_only             0x080000f5   Thumb Code     0  __scatter.o(!!!scatter)
    __scatterload_null                       0x08000103   Thumb Code     0  __scatter.o(!!!scatter)
    __scatterload_copy                       0x08000129   Thumb Code    26  __scatter_copy.o(!!handler_copy)
    __scatterload_zeroinit                   0x08000145   Thumb Code    28  __scatter_zi.o(!!handler_zi)
    _printf_f                                0x08000161   Thumb Code     0  _printf_f.o(.ARM.Collect$$_printf_percent$$00000003)
    _printf_percent                          0x08000161   Thumb Code     0  _printf_percent.o(.ARM.Collect$$_printf_percent$$00000000)
    _printf_d                                0x08000167   Thumb Code     0  _printf_d.o(.ARM.Collect$$_printf_percent$$00000009)
    _printf_percent_end                      0x0800016d   Thumb Code     0  _printf_percent_end.o(.ARM.Collect$$_printf_percent$$00000017)
    __rt_lib_init                            0x08000171   Thumb Code     0  libinit.o(.ARM.Collect$$libinit$$00000000)
    __rt_lib_init_fp_1                       0x08000173   Thumb Code     0  libinit2.o(.ARM.Collect$$libinit$$00000002)
    __rt_lib_init_heap_1                     0x08000173   Thumb Code     0  libinit2.o(.ARM.Collect$$libinit$$0000000A)
    __rt_lib_init_lc_common                  0x08000173   Thumb Code     0  libinit2.o(.ARM.Collect$$libinit$$0000000F)
    __rt_lib_init_preinit_1                  0x08000173   Thumb Code     0  libinit2.o(.ARM.Collect$$libinit$$00000004)
    __rt_lib_init_rand_1                     0x08000173   Thumb Code     0  libinit2.o(.ARM.Collect$$libinit$$0000000E)
    __rt_lib_init_user_alloc_1               0x08000173   Thumb Code     0  libinit2.o(.ARM.Collect$$libinit$$0000000C)
    __rt_lib_init_lc_collate_1               0x08000179   Thumb Code     0  libinit2.o(.ARM.Collect$$libinit$$00000011)
    __rt_lib_init_lc_ctype_1                 0x08000179   Thumb Code     0  libinit2.o(.ARM.Collect$$libinit$$00000013)
    __rt_lib_init_lc_monetary_1              0x08000179   Thumb Code     0  libinit2.o(.ARM.Collect$$libinit$$00000015)
    __rt_lib_init_lc_numeric_2               0x08000179   Thumb Code     0  libinit2.o(.ARM.Collect$$libinit$$00000016)
    __rt_lib_init_alloca_1                   0x08000183   Thumb Code     0  libinit2.o(.ARM.Collect$$libinit$$0000002E)
    __rt_lib_init_argv_1                     0x08000183   Thumb Code     0  libinit2.o(.ARM.Collect$$libinit$$0000002C)
    __rt_lib_init_atexit_1                   0x08000183   Thumb Code     0  libinit2.o(.ARM.Collect$$libinit$$0000001B)
    __rt_lib_init_clock_1                    0x08000183   Thumb Code     0  libinit2.o(.ARM.Collect$$libinit$$00000021)
    __rt_lib_init_cpp_1                      0x08000183   Thumb Code     0  libinit2.o(.ARM.Collect$$libinit$$00000032)
    __rt_lib_init_exceptions_1               0x08000183   Thumb Code     0  libinit2.o(.ARM.Collect$$libinit$$00000030)
    __rt_lib_init_fp_trap_1                  0x08000183   Thumb Code     0  libinit2.o(.ARM.Collect$$libinit$$0000001F)
    __rt_lib_init_getenv_1                   0x08000183   Thumb Code     0  libinit2.o(.ARM.Collect$$libinit$$00000023)
    __rt_lib_init_lc_numeric_1               0x08000183   Thumb Code     0  libinit2.o(.ARM.Collect$$libinit$$00000017)
    __rt_lib_init_lc_time_1                  0x08000183   Thumb Code     0  libinit2.o(.ARM.Collect$$libinit$$00000019)
    __rt_lib_init_return                     0x08000183   Thumb Code     0  libinit2.o(.ARM.Collect$$libinit$$00000033)
    __rt_lib_init_signal_1                   0x08000183   Thumb Code     0  libinit2.o(.ARM.Collect$$libinit$$0000001D)
    __rt_lib_init_stdio_1                    0x08000183   Thumb Code     0  libinit2.o(.ARM.Collect$$libinit$$00000025)
    __rt_lib_shutdown                        0x08000185   Thumb Code     0  libshutdown.o(.ARM.Collect$$libshutdown$$00000000)
    __rt_lib_shutdown_cpp_1                  0x08000187   Thumb Code     0  libshutdown2.o(.ARM.Collect$$libshutdown$$00000002)
    __rt_lib_shutdown_fp_trap_1              0x08000187   Thumb Code     0  libshutdown2.o(.ARM.Collect$$libshutdown$$00000007)
    __rt_lib_shutdown_heap_1                 0x08000187   Thumb Code     0  libshutdown2.o(.ARM.Collect$$libshutdown$$0000000F)
    __rt_lib_shutdown_return                 0x08000187   Thumb Code     0  libshutdown2.o(.ARM.Collect$$libshutdown$$00000010)
    __rt_lib_shutdown_signal_1               0x08000187   Thumb Code     0  libshutdown2.o(.ARM.Collect$$libshutdown$$0000000A)
    __rt_lib_shutdown_stdio_1                0x08000187   Thumb Code     0  libshutdown2.o(.ARM.Collect$$libshutdown$$00000004)
    __rt_lib_shutdown_user_alloc_1           0x08000187   Thumb Code     0  libshutdown2.o(.ARM.Collect$$libshutdown$$0000000C)
    __rt_entry                               0x08000189   Thumb Code     0  __rtentry.o(.ARM.Collect$$rtentry$$00000000)
    __rt_entry_presh_1                       0x08000189   Thumb Code     0  __rtentry2.o(.ARM.Collect$$rtentry$$00000002)
    __rt_entry_sh                            0x08000189   Thumb Code     0  __rtentry4.o(.ARM.Collect$$rtentry$$00000004)
    __rt_entry_li                            0x0800018f   Thumb Code     0  __rtentry2.o(.ARM.Collect$$rtentry$$0000000A)
    __rt_entry_postsh_1                      0x0800018f   Thumb Code     0  __rtentry2.o(.ARM.Collect$$rtentry$$00000009)
    __rt_entry_main                          0x08000193   Thumb Code     0  __rtentry2.o(.ARM.Collect$$rtentry$$0000000D)
    __rt_entry_postli_1                      0x08000193   Thumb Code     0  __rtentry2.o(.ARM.Collect$$rtentry$$0000000C)
    __rt_exit                                0x0800019b   Thumb Code     0  rtexit.o(.ARM.Collect$$rtexit$$00000000)
    __rt_exit_ls                             0x0800019d   Thumb Code     0  rtexit2.o(.ARM.Collect$$rtexit$$00000003)
    __rt_exit_prels_1                        0x0800019d   Thumb Code     0  rtexit2.o(.ARM.Collect$$rtexit$$00000002)
    __rt_exit_exit                           0x080001a1   Thumb Code     0  rtexit2.o(.ARM.Collect$$rtexit$$00000004)
    Reset_Handler                            0x080001a9   Thumb Code     8  startup_stm32f103xb.o(.text)
    ADC1_2_IRQHandler                        0x080001c3   Thumb Code     0  startup_stm32f103xb.o(.text)
    CAN1_RX1_IRQHandler                      0x080001c3   Thumb Code     0  startup_stm32f103xb.o(.text)
    CAN1_SCE_IRQHandler                      0x080001c3   Thumb Code     0  startup_stm32f103xb.o(.text)
    DMA1_Channel1_IRQHandler                 0x080001c3   Thumb Code     0  startup_stm32f103xb.o(.text)
    DMA1_Channel2_IRQHandler                 0x080001c3   Thumb Code     0  startup_stm32f103xb.o(.text)
    DMA1_Channel3_IRQHandler                 0x080001c3   Thumb Code     0  startup_stm32f103xb.o(.text)
    DMA1_Channel4_IRQHandler                 0x080001c3   Thumb Code     0  startup_stm32f103xb.o(.text)
    DMA1_Channel5_IRQHandler                 0x080001c3   Thumb Code     0  startup_stm32f103xb.o(.text)
    DMA1_Channel6_IRQHandler                 0x080001c3   Thumb Code     0  startup_stm32f103xb.o(.text)
    DMA1_Channel7_IRQHandler                 0x080001c3   Thumb Code     0  startup_stm32f103xb.o(.text)
    EXTI0_IRQHandler                         0x080001c3   Thumb Code     0  startup_stm32f103xb.o(.text)
    EXTI15_10_IRQHandler                     0x080001c3   Thumb Code     0  startup_stm32f103xb.o(.text)
    EXTI1_IRQHandler                         0x080001c3   Thumb Code     0  startup_stm32f103xb.o(.text)
    EXTI2_IRQHandler                         0x080001c3   Thumb Code     0  startup_stm32f103xb.o(.text)
    EXTI3_IRQHandler                         0x080001c3   Thumb Code     0  startup_stm32f103xb.o(.text)
    EXTI4_IRQHandler                         0x080001c3   Thumb Code     0  startup_stm32f103xb.o(.text)
    EXTI9_5_IRQHandler                       0x080001c3   Thumb Code     0  startup_stm32f103xb.o(.text)
    FLASH_IRQHandler                         0x080001c3   Thumb Code     0  startup_stm32f103xb.o(.text)
    I2C1_ER_IRQHandler                       0x080001c3   Thumb Code     0  startup_stm32f103xb.o(.text)
    I2C1_EV_IRQHandler                       0x080001c3   Thumb Code     0  startup_stm32f103xb.o(.text)
    I2C2_ER_IRQHandler                       0x080001c3   Thumb Code     0  startup_stm32f103xb.o(.text)
    I2C2_EV_IRQHandler                       0x080001c3   Thumb Code     0  startup_stm32f103xb.o(.text)
    PVD_IRQHandler                           0x080001c3   Thumb Code     0  startup_stm32f103xb.o(.text)
    RCC_IRQHandler                           0x080001c3   Thumb Code     0  startup_stm32f103xb.o(.text)
    RTC_Alarm_IRQHandler                     0x080001c3   Thumb Code     0  startup_stm32f103xb.o(.text)
    RTC_IRQHandler                           0x080001c3   Thumb Code     0  startup_stm32f103xb.o(.text)
    SPI1_IRQHandler                          0x080001c3   Thumb Code     0  startup_stm32f103xb.o(.text)
    SPI2_IRQHandler                          0x080001c3   Thumb Code     0  startup_stm32f103xb.o(.text)
    TAMPER_IRQHandler                        0x080001c3   Thumb Code     0  startup_stm32f103xb.o(.text)
    TIM1_BRK_IRQHandler                      0x080001c3   Thumb Code     0  startup_stm32f103xb.o(.text)
    TIM1_CC_IRQHandler                       0x080001c3   Thumb Code     0  startup_stm32f103xb.o(.text)
    TIM1_TRG_COM_IRQHandler                  0x080001c3   Thumb Code     0  startup_stm32f103xb.o(.text)
    TIM1_UP_IRQHandler                       0x080001c3   Thumb Code     0  startup_stm32f103xb.o(.text)
    TIM2_IRQHandler                          0x080001c3   Thumb Code     0  startup_stm32f103xb.o(.text)
    USART2_IRQHandler                        0x080001c3   Thumb Code     0  startup_stm32f103xb.o(.text)
    USART3_IRQHandler                        0x080001c3   Thumb Code     0  startup_stm32f103xb.o(.text)
    USBWakeUp_IRQHandler                     0x080001c3   Thumb Code     0  startup_stm32f103xb.o(.text)
    USB_HP_CAN1_TX_IRQHandler                0x080001c3   Thumb Code     0  startup_stm32f103xb.o(.text)
    USB_LP_CAN1_RX0_IRQHandler               0x080001c3   Thumb Code     0  startup_stm32f103xb.o(.text)
    WWDG_IRQHandler                          0x080001c3   Thumb Code     0  startup_stm32f103xb.o(.text)
    __user_initial_stackheap                 0x080001c5   Thumb Code     0  startup_stm32f103xb.o(.text)
    __2sprintf                               0x080001e9   Thumb Code    34  noretval__2sprintf.o(.text)
    _printf_int_dec                          0x08000211   Thumb Code   104  _printf_dec.o(.text)
    __printf                                 0x08000289   Thumb Code   270  __printf_wp.o(.text)
    strlen                                   0x08000397   Thumb Code    62  strlen.o(.text)
    __aeabi_memclr4                          0x080003d5   Thumb Code     0  rt_memclr_w.o(.text)
    __aeabi_memclr8                          0x080003d5   Thumb Code     0  rt_memclr_w.o(.text)
    __rt_memclr_w                            0x080003d5   Thumb Code    78  rt_memclr_w.o(.text)
    _memset_w                                0x080003d9   Thumb Code     0  rt_memclr_w.o(.text)
    strcmp                                   0x08000425   Thumb Code   128  strcmpv7m.o(.text)
    __use_two_region_memory                  0x080004a5   Thumb Code     2  heapauxi.o(.text)
    __rt_heap_escrow$2region                 0x080004a7   Thumb Code     2  heapauxi.o(.text)
    __rt_heap_expand$2region                 0x080004a9   Thumb Code     2  heapauxi.o(.text)
    _printf_int_common                       0x080004ab   Thumb Code   178  _printf_intcommon.o(.text)
    __lib_sel_fp_printf                      0x0800055d   Thumb Code     2  _printf_fp_dec.o(.text)
    _printf_fp_dec_real                      0x0800070f   Thumb Code   620  _printf_fp_dec.o(.text)
    _printf_char_common                      0x08000987   Thumb Code    32  _printf_char_common.o(.text)
    _sputc                                   0x080009ad   Thumb Code    10  _sputc.o(.text)
    __rt_locale                              0x080009b9   Thumb Code     8  rt_locale_intlibspace.o(.text)
    _ll_udiv10                               0x080009c1   Thumb Code   138  lludiv10.o(.text)
    _printf_fp_infnan                        0x08000a4d   Thumb Code   112  _printf_fp_infnan.o(.text)
    _btod_etento                             0x08000acd   Thumb Code   224  bigflt0.o(.text)
    __user_libspace                          0x08000bb1   Thumb Code     8  libspace.o(.text)
    __user_perproc_libspace                  0x08000bb1   Thumb Code     0  libspace.o(.text)
    __user_perthread_libspace                0x08000bb1   Thumb Code     0  libspace.o(.text)
    __user_setup_stackheap                   0x08000bb9   Thumb Code    74  sys_stackheap_outer.o(.text)
    exit                                     0x08000c03   Thumb Code    18  exit.o(.text)
    _sys_exit                                0x08000c15   Thumb Code     8  sys_exit.o(.text)
    __I$use$semihosting                      0x08000c21   Thumb Code     0  use_no_semi.o(.text)
    __use_no_semihosting_swi                 0x08000c21   Thumb Code     2  use_no_semi.o(.text)
    __semihosting_library_function           0x08000c23   Thumb Code     0  indicate_semi.o(.text)
    _btod_d2e                                0x08000c23   Thumb Code    62  btod.o(CL$$btod_d2e)
    _d2e_denorm_low                          0x08000c61   Thumb Code    70  btod.o(CL$$btod_d2e_denorm_low)
    _d2e_norm_op1                            0x08000ca7   Thumb Code    96  btod.o(CL$$btod_d2e_norm_op1)
    __btod_div_common                        0x08000d07   Thumb Code   696  btod.o(CL$$btod_div_common)
    _e2e                                     0x0800103f   Thumb Code   220  btod.o(CL$$btod_e2e)
    _btod_ediv                               0x0800111b   Thumb Code    42  btod.o(CL$$btod_ediv)
    _btod_emul                               0x08001145   Thumb Code    42  btod.o(CL$$btod_emul)
    __btod_mult_common                       0x0800116f   Thumb Code   580  btod.o(CL$$btod_mult_common)
    BusFault_Handler                         0x080013b3   Thumb Code     2  stm32f1xx_it.o(i.BusFault_Handler)
    DebugMon_Handler                         0x080013b5   Thumb Code     2  stm32f1xx_it.o(i.DebugMon_Handler)
    ENCODER_GetCount                         0x080013b9   Thumb Code     6  encoder.o(i.ENCODER_GetCount)
    ENCODER_GetSpeed_rpm                     0x080013c5   Thumb Code     6  encoder.o(i.ENCODER_GetSpeed_rpm)
    ENCODER_Init                             0x080013d1   Thumb Code    22  encoder.o(i.ENCODER_Init)
    ENCODER_Update_Count                     0x080013f1   Thumb Code    98  encoder.o(i.ENCODER_Update_Count)
    Encoder_Print_Per_2s                     0x0800146d   Thumb Code    90  main.o(i.Encoder_Print_Per_2s)
    Error_Handler                            0x080014ed   Thumb Code     4  main.o(i.Error_Handler)
    HAL_DMA_Abort                            0x080014f1   Thumb Code    70  stm32f1xx_hal_dma.o(i.HAL_DMA_Abort)
    HAL_DMA_Abort_IT                         0x08001539   Thumb Code   148  stm32f1xx_hal_dma.o(i.HAL_DMA_Abort_IT)
    HAL_GPIO_Init                            0x080015d1   Thumb Code   446  stm32f1xx_hal_gpio.o(i.HAL_GPIO_Init)
    HAL_GPIO_WritePin                        0x080017b1   Thumb Code    10  stm32f1xx_hal_gpio.o(i.HAL_GPIO_WritePin)
    HAL_GetTick                              0x080017bd   Thumb Code     6  stm32f1xx_hal.o(i.HAL_GetTick)
    HAL_IncTick                              0x080017c9   Thumb Code    12  stm32f1xx_hal.o(i.HAL_IncTick)
    HAL_Init                                 0x080017d9   Thumb Code    32  stm32f1xx_hal.o(i.HAL_Init)
    HAL_InitTick                             0x080017fd   Thumb Code    54  stm32f1xx_hal.o(i.HAL_InitTick)
    HAL_MspInit                              0x0800183d   Thumb Code    52  stm32f1xx_hal_msp.o(i.HAL_MspInit)
    HAL_NVIC_EnableIRQ                       0x08001879   Thumb Code    26  stm32f1xx_hal_cortex.o(i.HAL_NVIC_EnableIRQ)
    HAL_NVIC_SetPriority                     0x08001895   Thumb Code    60  stm32f1xx_hal_cortex.o(i.HAL_NVIC_SetPriority)
    HAL_NVIC_SetPriorityGrouping             0x080018d5   Thumb Code    26  stm32f1xx_hal_cortex.o(i.HAL_NVIC_SetPriorityGrouping)
    HAL_RCC_ClockConfig                      0x080018f9   Thumb Code   280  stm32f1xx_hal_rcc.o(i.HAL_RCC_ClockConfig)
    HAL_RCC_GetPCLK1Freq                     0x08001a25   Thumb Code    20  stm32f1xx_hal_rcc.o(i.HAL_RCC_GetPCLK1Freq)
    HAL_RCC_GetPCLK2Freq                     0x08001a45   Thumb Code    20  stm32f1xx_hal_rcc.o(i.HAL_RCC_GetPCLK2Freq)
    HAL_RCC_GetSysClockFreq                  0x08001a65   Thumb Code    58  stm32f1xx_hal_rcc.o(i.HAL_RCC_GetSysClockFreq)
    HAL_RCC_OscConfig                        0x08001ab1   Thumb Code   778  stm32f1xx_hal_rcc.o(i.HAL_RCC_OscConfig)
    HAL_SYSTICK_Config                       0x08001dd1   Thumb Code    40  stm32f1xx_hal_cortex.o(i.HAL_SYSTICK_Config)
    HAL_TIMEx_BreakCallback                  0x08001df9   Thumb Code     2  stm32f1xx_hal_tim_ex.o(i.HAL_TIMEx_BreakCallback)
    HAL_TIMEx_CommutCallback                 0x08001dfb   Thumb Code     2  stm32f1xx_hal_tim_ex.o(i.HAL_TIMEx_CommutCallback)
    HAL_TIMEx_MasterConfigSynchronization    0x08001dfd   Thumb Code    92  stm32f1xx_hal_tim_ex.o(i.HAL_TIMEx_MasterConfigSynchronization)
    HAL_TIM_Base_Init                        0x08001e65   Thumb Code    90  stm32f1xx_hal_tim.o(i.HAL_TIM_Base_Init)
    HAL_TIM_Base_MspInit                     0x08001ec1   Thumb Code    72  tim.o(i.HAL_TIM_Base_MspInit)
    HAL_TIM_Base_Start_IT                    0x08001f11   Thumb Code    76  stm32f1xx_hal_tim.o(i.HAL_TIM_Base_Start_IT)
    HAL_TIM_ConfigClockSource                0x08001f69   Thumb Code   220  stm32f1xx_hal_tim.o(i.HAL_TIM_ConfigClockSource)
    HAL_TIM_Encoder_Init                     0x08002045   Thumb Code   164  stm32f1xx_hal_tim.o(i.HAL_TIM_Encoder_Init)
    HAL_TIM_Encoder_MspInit                  0x080020e9   Thumb Code    88  tim.o(i.HAL_TIM_Encoder_MspInit)
    HAL_TIM_Encoder_Start                    0x0800214d   Thumb Code   142  stm32f1xx_hal_tim.o(i.HAL_TIM_Encoder_Start)
    HAL_TIM_IC_CaptureCallback               0x080021db   Thumb Code     2  stm32f1xx_hal_tim.o(i.HAL_TIM_IC_CaptureCallback)
    HAL_TIM_IRQHandler                       0x080021dd   Thumb Code   304  stm32f1xx_hal_tim.o(i.HAL_TIM_IRQHandler)
    HAL_TIM_MspPostInit                      0x0800230d   Thumb Code    62  tim.o(i.HAL_TIM_MspPostInit)
    HAL_TIM_OC_DelayElapsedCallback          0x08002355   Thumb Code     2  stm32f1xx_hal_tim.o(i.HAL_TIM_OC_DelayElapsedCallback)
    HAL_TIM_PWM_ConfigChannel                0x08002357   Thumb Code   204  stm32f1xx_hal_tim.o(i.HAL_TIM_PWM_ConfigChannel)
    HAL_TIM_PWM_Init                         0x08002423   Thumb Code    90  stm32f1xx_hal_tim.o(i.HAL_TIM_PWM_Init)
    HAL_TIM_PWM_MspInit                      0x0800247d   Thumb Code     2  stm32f1xx_hal_tim.o(i.HAL_TIM_PWM_MspInit)
    HAL_TIM_PWM_PulseFinishedCallback        0x0800247f   Thumb Code     2  stm32f1xx_hal_tim.o(i.HAL_TIM_PWM_PulseFinishedCallback)
    HAL_TIM_PWM_Start                        0x08002481   Thumb Code   144  stm32f1xx_hal_tim.o(i.HAL_TIM_PWM_Start)
    HAL_TIM_PeriodElapsedCallback            0x0800251d   Thumb Code    22  main.o(i.HAL_TIM_PeriodElapsedCallback)
    HAL_TIM_TriggerCallback                  0x0800253d   Thumb Code     2  stm32f1xx_hal_tim.o(i.HAL_TIM_TriggerCallback)
    HAL_UARTEx_RxEventCallback               0x0800253f   Thumb Code     2  stm32f1xx_hal_uart.o(i.HAL_UARTEx_RxEventCallback)
    HAL_UART_ErrorCallback                   0x08002541   Thumb Code     2  stm32f1xx_hal_uart.o(i.HAL_UART_ErrorCallback)
    HAL_UART_IRQHandler                      0x08002545   Thumb Code   616  stm32f1xx_hal_uart.o(i.HAL_UART_IRQHandler)
    HAL_UART_Init                            0x080027b1   Thumb Code   100  stm32f1xx_hal_uart.o(i.HAL_UART_Init)
    HAL_UART_MspInit                         0x08002815   Thumb Code   116  usart.o(i.HAL_UART_MspInit)
    HAL_UART_Receive_IT                      0x08002895   Thumb Code    28  stm32f1xx_hal_uart.o(i.HAL_UART_Receive_IT)
    HAL_UART_RxCpltCallback                  0x080028b1   Thumb Code    68  main.o(i.HAL_UART_RxCpltCallback)
    HAL_UART_Transmit                        0x08002905   Thumb Code   160  stm32f1xx_hal_uart.o(i.HAL_UART_Transmit)
    HAL_UART_TxCpltCallback                  0x080029a5   Thumb Code     2  stm32f1xx_hal_uart.o(i.HAL_UART_TxCpltCallback)
    HardFault_Handler                        0x080029a7   Thumb Code     2  stm32f1xx_it.o(i.HardFault_Handler)
    MX_GPIO_Init                             0x080029a9   Thumb Code   104  gpio.o(i.MX_GPIO_Init)
    MX_TIM2_Init                             0x08002a19   Thumb Code   160  tim.o(i.MX_TIM2_Init)
    MX_TIM3_Init                             0x08002abd   Thumb Code   100  tim.o(i.MX_TIM3_Init)
    MX_TIM4_Init                             0x08002b29   Thumb Code    94  tim.o(i.MX_TIM4_Init)
    MX_USART1_UART_Init                      0x08002b91   Thumb Code    48  usart.o(i.MX_USART1_UART_Init)
    MemManage_Handler                        0x08002bc9   Thumb Code     2  stm32f1xx_it.o(i.MemManage_Handler)
    NMI_Handler                              0x08002bcb   Thumb Code     2  stm32f1xx_it.o(i.NMI_Handler)
    PID_Calculate_Fixed                      0x08002bcd   Thumb Code    12  pid.o(i.PID_Calculate_Fixed)
    PID_Enable                               0x08002d69   Thumb Code    12  pid.o(i.PID_Enable)
    PID_GetTarget                            0x08002d75   Thumb Code     4  pid.o(i.PID_GetTarget)
    PID_Init                                 0x08002d79   Thumb Code   104  pid.o(i.PID_Init)
    PID_Reset                                0x08002df5   Thumb Code    26  pid.o(i.PID_Reset)
    PID_SetTarget                            0x08002e0f   Thumb Code     4  pid.o(i.PID_SetTarget)
    PendSV_Handler                           0x08002e13   Thumb Code     2  stm32f1xx_it.o(i.PendSV_Handler)
    SVC_Handler                              0x08002e15   Thumb Code     2  stm32f1xx_it.o(i.SVC_Handler)
    SysTick_Handler                          0x08002e17   Thumb Code     4  stm32f1xx_it.o(i.SysTick_Handler)
    SystemClock_Config                       0x08002e1b   Thumb Code    94  main.o(i.SystemClock_Config)
    SystemInit                               0x08002e79   Thumb Code     2  system_stm32f1xx.o(i.SystemInit)
    TIM3_IRQHandler                          0x08002e7d   Thumb Code     6  stm32f1xx_it.o(i.TIM3_IRQHandler)
    TIM4_IRQHandler                          0x08002e89   Thumb Code     6  stm32f1xx_it.o(i.TIM4_IRQHandler)
    TIM_Base_SetConfig                       0x08002e95   Thumb Code   108  stm32f1xx_hal_tim.o(i.TIM_Base_SetConfig)
    TIM_CCxChannelCmd                        0x08002f0d   Thumb Code    26  stm32f1xx_hal_tim.o(i.TIM_CCxChannelCmd)
    TIM_ETR_SetConfig                        0x08002f27   Thumb Code    20  stm32f1xx_hal_tim.o(i.TIM_ETR_SetConfig)
    TIM_OC2_SetConfig                        0x08002f9d   Thumb Code    84  stm32f1xx_hal_tim.o(i.TIM_OC2_SetConfig)
    TT_SetSpeed                              0x080030d9   Thumb Code    58  main.o(i.TT_SetSpeed)
    UART_Start_Receive_IT                    0x080032f1   Thumb Code    54  stm32f1xx_hal_uart.o(i.UART_Start_Receive_IT)
    USART1_IRQHandler                        0x08003399   Thumb Code     6  stm32f1xx_it.o(i.USART1_IRQHandler)
    UsageFault_Handler                       0x080033a5   Thumb Code     2  stm32f1xx_it.o(i.UsageFault_Handler)
    __ARM_fpclassify                         0x080033a7   Thumb Code    40  fpclassify.o(i.__ARM_fpclassify)
    _is_digit                                0x080033ef   Thumb Code    14  __printf_wp.o(i._is_digit)
    main                                     0x080033fd   Thumb Code   242  main.o(i.main)
    _get_lc_numeric                          0x08003529   Thumb Code    44  lc_numeric_c.o(locale$$code)
    __fpl_dretinf                            0x08003555   Thumb Code    12  dretinf.o(x$fpl$dretinf)
    __aeabi_f2d                              0x08003561   Thumb Code     0  f2d.o(x$fpl$f2d)
    _f2d                                     0x08003561   Thumb Code    86  f2d.o(x$fpl$f2d)
    __aeabi_fadd                             0x080035b9   Thumb Code     0  faddsub_clz.o(x$fpl$fadd)
    _fadd                                    0x080035b9   Thumb Code   196  faddsub_clz.o(x$fpl$fadd)
    __fpl_fcmp_Inf                           0x0800367d   Thumb Code    24  fcmpi.o(x$fpl$fcmpinf)
    __aeabi_fdiv                             0x08003695   Thumb Code     0  fdiv.o(x$fpl$fdiv)
    _fdiv                                    0x08003695   Thumb Code   384  fdiv.o(x$fpl$fdiv)
    __aeabi_f2iz                             0x08003819   Thumb Code     0  ffix.o(x$fpl$ffix)
    _ffix                                    0x08003819   Thumb Code    54  ffix.o(x$fpl$ffix)
    __aeabi_i2f                              0x08003851   Thumb Code     0  fflt_clz.o(x$fpl$fflt)
    _fflt                                    0x08003851   Thumb Code    48  fflt_clz.o(x$fpl$fflt)
    __aeabi_cfcmple                          0x08003881   Thumb Code     0  fleqf.o(x$fpl$fleqf)
    _fcmple                                  0x08003881   Thumb Code   104  fleqf.o(x$fpl$fleqf)
    __fpl_fcmple_InfNaN                      0x080038d3   Thumb Code     0  fleqf.o(x$fpl$fleqf)
    __aeabi_fmul                             0x080038e9   Thumb Code     0  fmul.o(x$fpl$fmul)
    _fmul                                    0x080038e9   Thumb Code   258  fmul.o(x$fpl$fmul)
    __fpl_fnaninf                            0x080039eb   Thumb Code   140  fnaninf.o(x$fpl$fnaninf)
    __fpl_fretinf                            0x08003a77   Thumb Code    10  fretinf.o(x$fpl$fretinf)
    __aeabi_cfrcmple                         0x08003a81   Thumb Code     0  frleqf.o(x$fpl$frleqf)
    _frcmple                                 0x08003a81   Thumb Code    98  frleqf.o(x$fpl$frleqf)
    __aeabi_frsub                            0x08003ae3   Thumb Code     0  faddsub_clz.o(x$fpl$frsb)
    _frsb                                    0x08003ae3   Thumb Code    20  faddsub_clz.o(x$fpl$frsb)
    __aeabi_fsub                             0x08003af9   Thumb Code     0  faddsub_clz.o(x$fpl$fsub)
    _fsub                                    0x08003af9   Thumb Code   234  faddsub_clz.o(x$fpl$fsub)
    _printf_fp_dec                           0x08003be3   Thumb Code     4  printf1.o(x$fpl$printf1)
    __I$use$fp                               0x08003be6   Number         0  usenofp.o(x$fpl$usenofp)
    AHBPrescTable                            0x08003bf8   Data          16  system_stm32f1xx.o(.constdata)
    APBPrescTable                            0x08003c08   Data           8  system_stm32f1xx.o(.constdata)
    Region$$Table$$Base                      0x08003ca4   Number         0  anon$$obj.o(Region$$Table)
    Region$$Table$$Limit                     0x08003cc4   Number         0  anon$$obj.o(Region$$Table)
    rx_index                                 0x20000010   Data           1  main.o(.data)
    cmd_ready                                0x20000011   Data           1  main.o(.data)
    current_state                            0x20000012   Data           1  main.o(.data)
    g_pid_update_flag                        0x20000013   Data           1  main.o(.data)
    rx_byte                                  0x20000014   Data           1  main.o(.data)
    g_current_pid_output                     0x20000020   Data           4  main.o(.data)
    uwTickFreq                               0x20000028   Data           1  stm32f1xx_hal.o(.data)
    uwTickPrio                               0x2000002c   Data           4  stm32f1xx_hal.o(.data)
    uwTick                                   0x20000030   Data           4  stm32f1xx_hal.o(.data)
    SystemCoreClock                          0x20000034   Data           4  system_stm32f1xx.o(.data)
    rx_buffer                                0x20000038   Data          50  main.o(.bss)
    pid_rpm                                  0x2000006c   Data          80  main.o(.bss)
    htim2                                    0x200000bc   Data          72  tim.o(.bss)
    htim3                                    0x20000104   Data          72  tim.o(.bss)
    htim4                                    0x2000014c   Data          72  tim.o(.bss)
    huart1                                   0x20000194   Data          72  usart.o(.bss)
    __libspace_start                         0x200001dc   Data          96  libspace.o(.bss)
    __temporary_stack_top$libspace           0x2000023c   Data           0  libspace.o(.bss)



==============================================================================

Memory Map of the image

  Image Entry point : 0x080000ed

  Load Region LR_IROM1 (Base: 0x08000000, Size: 0x00003d18, Max: 0x00010000, ABSOLUTE)

    Execution Region ER_IROM1 (Exec base: 0x08000000, Load base: 0x08000000, Size: 0x00003ce0, Max: 0x00010000, ABSOLUTE)

    Exec Addr    Load Addr    Size         Type   Attr      Idx    E Section Name        Object

    0x08000000   0x08000000   0x000000ec   Data   RO            3    RESET               startup_stm32f103xb.o
    0x080000ec   0x080000ec   0x00000008   Code   RO         3029  * !!!main             c_w.l(__main.o)
    0x080000f4   0x080000f4   0x00000034   Code   RO         3292    !!!scatter          c_w.l(__scatter.o)
    0x08000128   0x08000128   0x0000001a   Code   RO         3294    !!handler_copy      c_w.l(__scatter_copy.o)
    0x08000142   0x08000142   0x00000002   PAD
    0x08000144   0x08000144   0x0000001c   Code   RO         3296    !!handler_zi        c_w.l(__scatter_zi.o)
    0x08000160   0x08000160   0x00000000   Code   RO         3012    .ARM.Collect$$_printf_percent$$00000000  c_w.l(_printf_percent.o)
    0x08000160   0x08000160   0x00000006   Code   RO         3011    .ARM.Collect$$_printf_percent$$00000003  c_w.l(_printf_f.o)
    0x08000166   0x08000166   0x00000006   Code   RO         3010    .ARM.Collect$$_printf_percent$$00000009  c_w.l(_printf_d.o)
    0x0800016c   0x0800016c   0x00000004   Code   RO         3070    .ARM.Collect$$_printf_percent$$00000017  c_w.l(_printf_percent_end.o)
    0x08000170   0x08000170   0x00000002   Code   RO         3162    .ARM.Collect$$libinit$$00000000  c_w.l(libinit.o)
    0x08000172   0x08000172   0x00000000   Code   RO         3164    .ARM.Collect$$libinit$$00000002  c_w.l(libinit2.o)
    0x08000172   0x08000172   0x00000000   Code   RO         3166    .ARM.Collect$$libinit$$00000004  c_w.l(libinit2.o)
    0x08000172   0x08000172   0x00000000   Code   RO         3169    .ARM.Collect$$libinit$$0000000A  c_w.l(libinit2.o)
    0x08000172   0x08000172   0x00000000   Code   RO         3171    .ARM.Collect$$libinit$$0000000C  c_w.l(libinit2.o)
    0x08000172   0x08000172   0x00000000   Code   RO         3173    .ARM.Collect$$libinit$$0000000E  c_w.l(libinit2.o)
    0x08000172   0x08000172   0x00000006   Code   RO         3174    .ARM.Collect$$libinit$$0000000F  c_w.l(libinit2.o)
    0x08000178   0x08000178   0x00000000   Code   RO         3176    .ARM.Collect$$libinit$$00000011  c_w.l(libinit2.o)
    0x08000178   0x08000178   0x00000000   Code   RO         3178    .ARM.Collect$$libinit$$00000013  c_w.l(libinit2.o)
    0x08000178   0x08000178   0x00000000   Code   RO         3180    .ARM.Collect$$libinit$$00000015  c_w.l(libinit2.o)
    0x08000178   0x08000178   0x0000000a   Code   RO         3181    .ARM.Collect$$libinit$$00000016  c_w.l(libinit2.o)
    0x08000182   0x08000182   0x00000000   Code   RO         3182    .ARM.Collect$$libinit$$00000017  c_w.l(libinit2.o)
    0x08000182   0x08000182   0x00000000   Code   RO         3184    .ARM.Collect$$libinit$$00000019  c_w.l(libinit2.o)
    0x08000182   0x08000182   0x00000000   Code   RO         3186    .ARM.Collect$$libinit$$0000001B  c_w.l(libinit2.o)
    0x08000182   0x08000182   0x00000000   Code   RO         3188    .ARM.Collect$$libinit$$0000001D  c_w.l(libinit2.o)
    0x08000182   0x08000182   0x00000000   Code   RO         3190    .ARM.Collect$$libinit$$0000001F  c_w.l(libinit2.o)
    0x08000182   0x08000182   0x00000000   Code   RO         3192    .ARM.Collect$$libinit$$00000021  c_w.l(libinit2.o)
    0x08000182   0x08000182   0x00000000   Code   RO         3194    .ARM.Collect$$libinit$$00000023  c_w.l(libinit2.o)
    0x08000182   0x08000182   0x00000000   Code   RO         3196    .ARM.Collect$$libinit$$00000025  c_w.l(libinit2.o)
    0x08000182   0x08000182   0x00000000   Code   RO         3200    .ARM.Collect$$libinit$$0000002C  c_w.l(libinit2.o)
    0x08000182   0x08000182   0x00000000   Code   RO         3202    .ARM.Collect$$libinit$$0000002E  c_w.l(libinit2.o)
    0x08000182   0x08000182   0x00000000   Code   RO         3204    .ARM.Collect$$libinit$$00000030  c_w.l(libinit2.o)
    0x08000182   0x08000182   0x00000000   Code   RO         3206    .ARM.Collect$$libinit$$00000032  c_w.l(libinit2.o)
    0x08000182   0x08000182   0x00000002   Code   RO         3207    .ARM.Collect$$libinit$$00000033  c_w.l(libinit2.o)
    0x08000184   0x08000184   0x00000002   Code   RO         3240    .ARM.Collect$$libshutdown$$00000000  c_w.l(libshutdown.o)
    0x08000186   0x08000186   0x00000000   Code   RO         3251    .ARM.Collect$$libshutdown$$00000002  c_w.l(libshutdown2.o)
    0x08000186   0x08000186   0x00000000   Code   RO         3253    .ARM.Collect$$libshutdown$$00000004  c_w.l(libshutdown2.o)
    0x08000186   0x08000186   0x00000000   Code   RO         3256    .ARM.Collect$$libshutdown$$00000007  c_w.l(libshutdown2.o)
    0x08000186   0x08000186   0x00000000   Code   RO         3259    .ARM.Collect$$libshutdown$$0000000A  c_w.l(libshutdown2.o)
    0x08000186   0x08000186   0x00000000   Code   RO         3261    .ARM.Collect$$libshutdown$$0000000C  c_w.l(libshutdown2.o)
    0x08000186   0x08000186   0x00000000   Code   RO         3264    .ARM.Collect$$libshutdown$$0000000F  c_w.l(libshutdown2.o)
    0x08000186   0x08000186   0x00000002   Code   RO         3265    .ARM.Collect$$libshutdown$$00000010  c_w.l(libshutdown2.o)
    0x08000188   0x08000188   0x00000000   Code   RO         3061    .ARM.Collect$$rtentry$$00000000  c_w.l(__rtentry.o)
    0x08000188   0x08000188   0x00000000   Code   RO         3087    .ARM.Collect$$rtentry$$00000002  c_w.l(__rtentry2.o)
    0x08000188   0x08000188   0x00000006   Code   RO         3099    .ARM.Collect$$rtentry$$00000004  c_w.l(__rtentry4.o)
    0x0800018e   0x0800018e   0x00000000   Code   RO         3089    .ARM.Collect$$rtentry$$00000009  c_w.l(__rtentry2.o)
    0x0800018e   0x0800018e   0x00000004   Code   RO         3090    .ARM.Collect$$rtentry$$0000000A  c_w.l(__rtentry2.o)
    0x08000192   0x08000192   0x00000000   Code   RO         3092    .ARM.Collect$$rtentry$$0000000C  c_w.l(__rtentry2.o)
    0x08000192   0x08000192   0x00000008   Code   RO         3093    .ARM.Collect$$rtentry$$0000000D  c_w.l(__rtentry2.o)
    0x0800019a   0x0800019a   0x00000002   Code   RO         3208    .ARM.Collect$$rtexit$$00000000  c_w.l(rtexit.o)
    0x0800019c   0x0800019c   0x00000000   Code   RO         3218    .ARM.Collect$$rtexit$$00000002  c_w.l(rtexit2.o)
    0x0800019c   0x0800019c   0x00000004   Code   RO         3219    .ARM.Collect$$rtexit$$00000003  c_w.l(rtexit2.o)
    0x080001a0   0x080001a0   0x00000006   Code   RO         3220    .ARM.Collect$$rtexit$$00000004  c_w.l(rtexit2.o)
    0x080001a6   0x080001a6   0x00000002   PAD
    0x080001a8   0x080001a8   0x00000040   Code   RO            4    .text               startup_stm32f103xb.o
    0x080001e8   0x080001e8   0x00000028   Code   RO         2984    .text               c_w.l(noretval__2sprintf.o)
    0x08000210   0x08000210   0x00000078   Code   RO         2988    .text               c_w.l(_printf_dec.o)
    0x08000288   0x08000288   0x0000010e   Code   RO         2998    .text               c_w.l(__printf_wp.o)
    0x08000396   0x08000396   0x0000003e   Code   RO         3019    .text               c_w.l(strlen.o)
    0x080003d4   0x080003d4   0x0000004e   Code   RO         3023    .text               c_w.l(rt_memclr_w.o)
    0x08000422   0x08000422   0x00000002   PAD
    0x08000424   0x08000424   0x00000080   Code   RO         3025    .text               c_w.l(strcmpv7m.o)
    0x080004a4   0x080004a4   0x00000006   Code   RO         3027    .text               c_w.l(heapauxi.o)
    0x080004aa   0x080004aa   0x000000b2   Code   RO         3062    .text               c_w.l(_printf_intcommon.o)
    0x0800055c   0x0800055c   0x0000041e   Code   RO         3064    .text               c_w.l(_printf_fp_dec.o)
    0x0800097a   0x0800097a   0x00000002   PAD
    0x0800097c   0x0800097c   0x00000030   Code   RO         3066    .text               c_w.l(_printf_char_common.o)
    0x080009ac   0x080009ac   0x0000000a   Code   RO         3068    .text               c_w.l(_sputc.o)
    0x080009b6   0x080009b6   0x00000002   PAD
    0x080009b8   0x080009b8   0x00000008   Code   RO         3104    .text               c_w.l(rt_locale_intlibspace.o)
    0x080009c0   0x080009c0   0x0000008a   Code   RO         3106    .text               c_w.l(lludiv10.o)
    0x08000a4a   0x08000a4a   0x00000002   PAD
    0x08000a4c   0x08000a4c   0x00000080   Code   RO         3110    .text               c_w.l(_printf_fp_infnan.o)
    0x08000acc   0x08000acc   0x000000e4   Code   RO         3116    .text               c_w.l(bigflt0.o)
    0x08000bb0   0x08000bb0   0x00000008   Code   RO         3148    .text               c_w.l(libspace.o)
    0x08000bb8   0x08000bb8   0x0000004a   Code   RO         3151    .text               c_w.l(sys_stackheap_outer.o)
    0x08000c02   0x08000c02   0x00000012   Code   RO         3155    .text               c_w.l(exit.o)
    0x08000c14   0x08000c14   0x0000000c   Code   RO         3230    .text               c_w.l(sys_exit.o)
    0x08000c20   0x08000c20   0x00000002   Code   RO         3241    .text               c_w.l(use_no_semi.o)
    0x08000c22   0x08000c22   0x00000000   Code   RO         3243    .text               c_w.l(indicate_semi.o)
    0x08000c22   0x08000c22   0x0000003e   Code   RO         3119    CL$$btod_d2e        c_w.l(btod.o)
    0x08000c60   0x08000c60   0x00000046   Code   RO         3121    CL$$btod_d2e_denorm_low  c_w.l(btod.o)
    0x08000ca6   0x08000ca6   0x00000060   Code   RO         3120    CL$$btod_d2e_norm_op1  c_w.l(btod.o)
    0x08000d06   0x08000d06   0x00000338   Code   RO         3129    CL$$btod_div_common  c_w.l(btod.o)
    0x0800103e   0x0800103e   0x000000dc   Code   RO         3126    CL$$btod_e2e        c_w.l(btod.o)
    0x0800111a   0x0800111a   0x0000002a   Code   RO         3123    CL$$btod_ediv       c_w.l(btod.o)
    0x08001144   0x08001144   0x0000002a   Code   RO         3122    CL$$btod_emul       c_w.l(btod.o)
    0x0800116e   0x0800116e   0x00000244   Code   RO         3128    CL$$btod_mult_common  c_w.l(btod.o)
    0x080013b2   0x080013b2   0x00000002   Code   RO          476    i.BusFault_Handler  stm32f1xx_it.o
    0x080013b4   0x080013b4   0x00000002   Code   RO          477    i.DebugMon_Handler  stm32f1xx_it.o
    0x080013b6   0x080013b6   0x00000002   PAD
    0x080013b8   0x080013b8   0x0000000c   Code   RO           13    i.ENCODER_GetCount  encoder.o
    0x080013c4   0x080013c4   0x0000000c   Code   RO           14    i.ENCODER_GetSpeed_rpm  encoder.o
    0x080013d0   0x080013d0   0x00000020   Code   RO           15    i.ENCODER_Init      encoder.o
    0x080013f0   0x080013f0   0x0000007c   Code   RO           16    i.ENCODER_Update_Count  encoder.o
    0x0800146c   0x0800146c   0x00000080   Code   RO          243    i.Encoder_Print_Per_2s  main.o
    0x080014ec   0x080014ec   0x00000004   Code   RO          244    i.Error_Handler     main.o
    0x080014f0   0x080014f0   0x00000046   Code   RO         1984    i.HAL_DMA_Abort     stm32f1xx_hal_dma.o
    0x08001536   0x08001536   0x00000002   PAD
    0x08001538   0x08001538   0x00000098   Code   RO         1985    i.HAL_DMA_Abort_IT  stm32f1xx_hal_dma.o
    0x080015d0   0x080015d0   0x000001e0   Code   RO         1920    i.HAL_GPIO_Init     stm32f1xx_hal_gpio.o
    0x080017b0   0x080017b0   0x0000000a   Code   RO         1924    i.HAL_GPIO_WritePin  stm32f1xx_hal_gpio.o
    0x080017ba   0x080017ba   0x00000002   PAD
    0x080017bc   0x080017bc   0x0000000c   Code   RO         1614    i.HAL_GetTick       stm32f1xx_hal.o
    0x080017c8   0x080017c8   0x00000010   Code   RO         1620    i.HAL_IncTick       stm32f1xx_hal.o
    0x080017d8   0x080017d8   0x00000024   Code   RO         1621    i.HAL_Init          stm32f1xx_hal.o
    0x080017fc   0x080017fc   0x00000040   Code   RO         1622    i.HAL_InitTick      stm32f1xx_hal.o
    0x0800183c   0x0800183c   0x0000003c   Code   RO          570    i.HAL_MspInit       stm32f1xx_hal_msp.o
    0x08001878   0x08001878   0x0000001a   Code   RO         2080    i.HAL_NVIC_EnableIRQ  stm32f1xx_hal_cortex.o
    0x08001892   0x08001892   0x00000002   PAD
    0x08001894   0x08001894   0x00000040   Code   RO         2086    i.HAL_NVIC_SetPriority  stm32f1xx_hal_cortex.o
    0x080018d4   0x080018d4   0x00000024   Code   RO         2087    i.HAL_NVIC_SetPriorityGrouping  stm32f1xx_hal_cortex.o
    0x080018f8   0x080018f8   0x0000012c   Code   RO         1778    i.HAL_RCC_ClockConfig  stm32f1xx_hal_rcc.o
    0x08001a24   0x08001a24   0x00000020   Code   RO         1785    i.HAL_RCC_GetPCLK1Freq  stm32f1xx_hal_rcc.o
    0x08001a44   0x08001a44   0x00000020   Code   RO         1786    i.HAL_RCC_GetPCLK2Freq  stm32f1xx_hal_rcc.o
    0x08001a64   0x08001a64   0x0000004c   Code   RO         1787    i.HAL_RCC_GetSysClockFreq  stm32f1xx_hal_rcc.o
    0x08001ab0   0x08001ab0   0x00000320   Code   RO         1790    i.HAL_RCC_OscConfig  stm32f1xx_hal_rcc.o
    0x08001dd0   0x08001dd0   0x00000028   Code   RO         2091    i.HAL_SYSTICK_Config  stm32f1xx_hal_cortex.o
    0x08001df8   0x08001df8   0x00000002   Code   RO         1336    i.HAL_TIMEx_BreakCallback  stm32f1xx_hal_tim_ex.o
    0x08001dfa   0x08001dfa   0x00000002   Code   RO         1337    i.HAL_TIMEx_CommutCallback  stm32f1xx_hal_tim_ex.o
    0x08001dfc   0x08001dfc   0x00000068   Code   RO         1355    i.HAL_TIMEx_MasterConfigSynchronization  stm32f1xx_hal_tim_ex.o
    0x08001e64   0x08001e64   0x0000005a   Code   RO          632    i.HAL_TIM_Base_Init  stm32f1xx_hal_tim.o
    0x08001ebe   0x08001ebe   0x00000002   PAD
    0x08001ec0   0x08001ec0   0x00000050   Code   RO          363    i.HAL_TIM_Base_MspInit  tim.o
    0x08001f10   0x08001f10   0x00000058   Code   RO          637    i.HAL_TIM_Base_Start_IT  stm32f1xx_hal_tim.o
    0x08001f68   0x08001f68   0x000000dc   Code   RO          641    i.HAL_TIM_ConfigClockSource  stm32f1xx_hal_tim.o
    0x08002044   0x08002044   0x000000a4   Code   RO          653    i.HAL_TIM_Encoder_Init  stm32f1xx_hal_tim.o
    0x080020e8   0x080020e8   0x00000064   Code   RO          365    i.HAL_TIM_Encoder_MspInit  tim.o
    0x0800214c   0x0800214c   0x0000008e   Code   RO          656    i.HAL_TIM_Encoder_Start  stm32f1xx_hal_tim.o
    0x080021da   0x080021da   0x00000002   Code   RO          666    i.HAL_TIM_IC_CaptureCallback  stm32f1xx_hal_tim.o
    0x080021dc   0x080021dc   0x00000130   Code   RO          680    i.HAL_TIM_IRQHandler  stm32f1xx_hal_tim.o
    0x0800230c   0x0800230c   0x00000048   Code   RO          366    i.HAL_TIM_MspPostInit  tim.o
    0x08002354   0x08002354   0x00000002   Code   RO          683    i.HAL_TIM_OC_DelayElapsedCallback  stm32f1xx_hal_tim.o
    0x08002356   0x08002356   0x000000cc   Code   RO          704    i.HAL_TIM_PWM_ConfigChannel  stm32f1xx_hal_tim.o
    0x08002422   0x08002422   0x0000005a   Code   RO          707    i.HAL_TIM_PWM_Init  stm32f1xx_hal_tim.o
    0x0800247c   0x0800247c   0x00000002   Code   RO          709    i.HAL_TIM_PWM_MspInit  stm32f1xx_hal_tim.o
    0x0800247e   0x0800247e   0x00000002   Code   RO          710    i.HAL_TIM_PWM_PulseFinishedCallback  stm32f1xx_hal_tim.o
    0x08002480   0x08002480   0x0000009c   Code   RO          712    i.HAL_TIM_PWM_Start  stm32f1xx_hal_tim.o
    0x0800251c   0x0800251c   0x00000020   Code   RO          246    i.HAL_TIM_PeriodElapsedCallback  main.o
    0x0800253c   0x0800253c   0x00000002   Code   RO          723    i.HAL_TIM_TriggerCallback  stm32f1xx_hal_tim.o
    0x0800253e   0x0800253e   0x00000002   Code   RO         2592    i.HAL_UARTEx_RxEventCallback  stm32f1xx_hal_uart.o
    0x08002540   0x08002540   0x00000002   Code   RO         2606    i.HAL_UART_ErrorCallback  stm32f1xx_hal_uart.o
    0x08002542   0x08002542   0x00000002   PAD
    0x08002544   0x08002544   0x0000026c   Code   RO         2609    i.HAL_UART_IRQHandler  stm32f1xx_hal_uart.o
    0x080027b0   0x080027b0   0x00000064   Code   RO         2610    i.HAL_UART_Init     stm32f1xx_hal_uart.o
    0x08002814   0x08002814   0x00000080   Code   RO          435    i.HAL_UART_MspInit  usart.o
    0x08002894   0x08002894   0x0000001c   Code   RO         2615    i.HAL_UART_Receive_IT  stm32f1xx_hal_uart.o
    0x080028b0   0x080028b0   0x00000054   Code   RO          247    i.HAL_UART_RxCpltCallback  main.o
    0x08002904   0x08002904   0x000000a0   Code   RO         2618    i.HAL_UART_Transmit  stm32f1xx_hal_uart.o
    0x080029a4   0x080029a4   0x00000002   Code   RO         2621    i.HAL_UART_TxCpltCallback  stm32f1xx_hal_uart.o
    0x080029a6   0x080029a6   0x00000002   Code   RO          478    i.HardFault_Handler  stm32f1xx_it.o
    0x080029a8   0x080029a8   0x00000070   Code   RO          338    i.MX_GPIO_Init      gpio.o
    0x08002a18   0x08002a18   0x000000a4   Code   RO          367    i.MX_TIM2_Init      tim.o
    0x08002abc   0x08002abc   0x0000006c   Code   RO          368    i.MX_TIM3_Init      tim.o
    0x08002b28   0x08002b28   0x00000068   Code   RO          369    i.MX_TIM4_Init      tim.o
    0x08002b90   0x08002b90   0x00000038   Code   RO          436    i.MX_USART1_UART_Init  usart.o
    0x08002bc8   0x08002bc8   0x00000002   Code   RO          479    i.MemManage_Handler  stm32f1xx_it.o
    0x08002bca   0x08002bca   0x00000002   Code   RO          480    i.NMI_Handler       stm32f1xx_it.o
    0x08002bcc   0x08002bcc   0x0000000c   Code   RO          156    i.PID_Calculate_Fixed  pid.o
    0x08002bd8   0x08002bd8   0x00000190   Code   RO          157    i.PID_Compute_Core  pid.o
    0x08002d68   0x08002d68   0x0000000c   Code   RO          158    i.PID_Enable        pid.o
    0x08002d74   0x08002d74   0x00000004   Code   RO          159    i.PID_GetTarget     pid.o
    0x08002d78   0x08002d78   0x0000007c   Code   RO          160    i.PID_Init          pid.o
    0x08002df4   0x08002df4   0x0000001a   Code   RO          161    i.PID_Reset         pid.o
    0x08002e0e   0x08002e0e   0x00000004   Code   RO          164    i.PID_SetTarget     pid.o
    0x08002e12   0x08002e12   0x00000002   Code   RO          481    i.PendSV_Handler    stm32f1xx_it.o
    0x08002e14   0x08002e14   0x00000002   Code   RO          482    i.SVC_Handler       stm32f1xx_it.o
    0x08002e16   0x08002e16   0x00000004   Code   RO          483    i.SysTick_Handler   stm32f1xx_it.o
    0x08002e1a   0x08002e1a   0x0000005e   Code   RO          249    i.SystemClock_Config  main.o
    0x08002e78   0x08002e78   0x00000002   Code   RO         2944    i.SystemInit        system_stm32f1xx.o
    0x08002e7a   0x08002e7a   0x00000002   PAD
    0x08002e7c   0x08002e7c   0x0000000c   Code   RO          484    i.TIM3_IRQHandler   stm32f1xx_it.o
    0x08002e88   0x08002e88   0x0000000c   Code   RO          485    i.TIM4_IRQHandler   stm32f1xx_it.o
    0x08002e94   0x08002e94   0x00000078   Code   RO          725    i.TIM_Base_SetConfig  stm32f1xx_hal_tim.o
    0x08002f0c   0x08002f0c   0x0000001a   Code   RO          726    i.TIM_CCxChannelCmd  stm32f1xx_hal_tim.o
    0x08002f26   0x08002f26   0x00000014   Code   RO          736    i.TIM_ETR_SetConfig  stm32f1xx_hal_tim.o
    0x08002f3a   0x08002f3a   0x00000010   Code   RO          737    i.TIM_ITRx_SetConfig  stm32f1xx_hal_tim.o
    0x08002f4a   0x08002f4a   0x00000002   PAD
    0x08002f4c   0x08002f4c   0x00000050   Code   RO          738    i.TIM_OC1_SetConfig  stm32f1xx_hal_tim.o
    0x08002f9c   0x08002f9c   0x00000058   Code   RO          739    i.TIM_OC2_SetConfig  stm32f1xx_hal_tim.o
    0x08002ff4   0x08002ff4   0x00000058   Code   RO          740    i.TIM_OC3_SetConfig  stm32f1xx_hal_tim.o
    0x0800304c   0x0800304c   0x00000044   Code   RO          741    i.TIM_OC4_SetConfig  stm32f1xx_hal_tim.o
    0x08003090   0x08003090   0x00000022   Code   RO          743    i.TIM_TI1_ConfigInputStage  stm32f1xx_hal_tim.o
    0x080030b2   0x080030b2   0x00000024   Code   RO          745    i.TIM_TI2_ConfigInputStage  stm32f1xx_hal_tim.o
    0x080030d6   0x080030d6   0x00000002   PAD
    0x080030d8   0x080030d8   0x00000040   Code   RO          250    i.TT_SetSpeed       main.o
    0x08003118   0x08003118   0x00000010   Code   RO         2623    i.UART_DMAAbortOnError  stm32f1xx_hal_uart.o
    0x08003128   0x08003128   0x0000004e   Code   RO         2633    i.UART_EndRxTransfer  stm32f1xx_hal_uart.o
    0x08003176   0x08003176   0x000000c2   Code   RO         2635    i.UART_Receive_IT   stm32f1xx_hal_uart.o
    0x08003238   0x08003238   0x000000b8   Code   RO         2636    i.UART_SetConfig    stm32f1xx_hal_uart.o
    0x080032f0   0x080032f0   0x00000036   Code   RO         2638    i.UART_Start_Receive_IT  stm32f1xx_hal_uart.o
    0x08003326   0x08003326   0x00000072   Code   RO         2639    i.UART_WaitOnFlagUntilTimeout  stm32f1xx_hal_uart.o
    0x08003398   0x08003398   0x0000000c   Code   RO          486    i.USART1_IRQHandler  stm32f1xx_it.o
    0x080033a4   0x080033a4   0x00000002   Code   RO          487    i.UsageFault_Handler  stm32f1xx_it.o
    0x080033a6   0x080033a6   0x00000028   Code   RO         3146    i.__ARM_fpclassify  m_ws.l(fpclassify.o)
    0x080033ce   0x080033ce   0x00000020   Code   RO         2093    i.__NVIC_SetPriority  stm32f1xx_hal_cortex.o
    0x080033ee   0x080033ee   0x0000000e   Code   RO         3000    i._is_digit         c_w.l(__printf_wp.o)
    0x080033fc   0x080033fc   0x0000012c   Code   RO          251    i.main              main.o
    0x08003528   0x08003528   0x0000002c   Code   RO         3142    locale$$code        c_w.l(lc_numeric_c.o)
    0x08003554   0x08003554   0x0000000c   Code   RO         3077    x$fpl$dretinf       fz_ws.l(dretinf.o)
    0x08003560   0x08003560   0x00000056   Code   RO         3031    x$fpl$f2d           fz_ws.l(f2d.o)
    0x080035b6   0x080035b6   0x00000002   PAD
    0x080035b8   0x080035b8   0x000000c4   Code   RO         3033    x$fpl$fadd          fz_ws.l(faddsub_clz.o)
    0x0800367c   0x0800367c   0x00000018   Code   RO         3079    x$fpl$fcmpinf       fz_ws.l(fcmpi.o)
    0x08003694   0x08003694   0x00000184   Code   RO         3040    x$fpl$fdiv          fz_ws.l(fdiv.o)
    0x08003818   0x08003818   0x00000036   Code   RO         3043    x$fpl$ffix          fz_ws.l(ffix.o)
    0x0800384e   0x0800384e   0x00000002   PAD
    0x08003850   0x08003850   0x00000030   Code   RO         3048    x$fpl$fflt          fz_ws.l(fflt_clz.o)
    0x08003880   0x08003880   0x00000068   Code   RO         3053    x$fpl$fleqf         fz_ws.l(fleqf.o)
    0x080038e8   0x080038e8   0x00000102   Code   RO         3055    x$fpl$fmul          fz_ws.l(fmul.o)
    0x080039ea   0x080039ea   0x0000008c   Code   RO         3081    x$fpl$fnaninf       fz_ws.l(fnaninf.o)
    0x08003a76   0x08003a76   0x0000000a   Code   RO         3083    x$fpl$fretinf       fz_ws.l(fretinf.o)
    0x08003a80   0x08003a80   0x00000062   Code   RO         3057    x$fpl$frleqf        fz_ws.l(frleqf.o)
    0x08003ae2   0x08003ae2   0x00000014   Code   RO         3034    x$fpl$frsb          fz_ws.l(faddsub_clz.o)
    0x08003af6   0x08003af6   0x00000002   PAD
    0x08003af8   0x08003af8   0x000000ea   Code   RO         3035    x$fpl$fsub          fz_ws.l(faddsub_clz.o)
    0x08003be2   0x08003be2   0x00000004   Code   RO         3059    x$fpl$printf1       fz_ws.l(printf1.o)
    0x08003be6   0x08003be6   0x00000000   Code   RO         3085    x$fpl$usenofp       fz_ws.l(usenofp.o)
    0x08003be6   0x08003be6   0x00000012   Data   RO         1791    .constdata          stm32f1xx_hal_rcc.o
    0x08003bf8   0x08003bf8   0x00000010   Data   RO         2945    .constdata          system_stm32f1xx.o
    0x08003c08   0x08003c08   0x00000008   Data   RO         2946    .constdata          system_stm32f1xx.o
    0x08003c10   0x08003c10   0x00000094   Data   RO         3117    .constdata          c_w.l(bigflt0.o)
    0x08003ca4   0x08003ca4   0x00000020   Data   RO         3290    Region$$Table       anon$$obj.o
    0x08003cc4   0x08003cc4   0x0000001c   Data   RO         3141    locale$$data        c_w.l(lc_numeric_c.o)


    Execution Region RW_IRAM1 (Exec base: 0x20000000, Load base: 0x08003ce0, Size: 0x00000840, Max: 0x00005000, ABSOLUTE)

    Exec Addr    Load Addr    Size         Type   Attr      Idx    E Section Name        Object

    0x20000000   0x08003ce0   0x00000010   Data   RW           17    .data               encoder.o
    0x20000010   0x08003cf0   0x00000018   Data   RW          253    .data               main.o
    0x20000028   0x08003d08   0x0000000c   Data   RW         1628    .data               stm32f1xx_hal.o
    0x20000034   0x08003d14   0x00000004   Data   RW         2947    .data               system_stm32f1xx.o
    0x20000038        -       0x00000084   Zero   RW          252    .bss                main.o
    0x200000bc        -       0x000000d8   Zero   RW          370    .bss                tim.o
    0x20000194        -       0x00000048   Zero   RW          437    .bss                usart.o
    0x200001dc        -       0x00000060   Zero   RW         3149    .bss                c_w.l(libspace.o)
    0x2000023c   0x08003d18   0x00000004   PAD
    0x20000240        -       0x00000200   Zero   RW            2    HEAP                startup_stm32f103xb.o
    0x20000440        -       0x00000400   Zero   RW            1    STACK               startup_stm32f103xb.o


==============================================================================

Image component sizes


      Code (inc. data)   RO Data    RW Data    ZI Data      Debug   Object Name

       180         48          0         16          0     428032   encoder.o
       112          8          0          0          0        927   gpio.o
       706        128          0         24        132       5535   main.o
       582         30          0          0          0       5670   pid.o
        64         26        236          0       1536        816   startup_stm32f103xb.o
       128         24          0         12          0       5341   stm32f1xx_hal.o
       198         14          0          0          0      28983   stm32f1xx_hal_cortex.o
       222          4          0          0          0       1791   stm32f1xx_hal_dma.o
       490         34          0          0          0       2908   stm32f1xx_hal_gpio.o
        60          8          0          0          0        886   stm32f1xx_hal_msp.o
      1240         84         18          0          0       5160   stm32f1xx_hal_rcc.o
      2044         56          0          0          0      18217   stm32f1xx_hal_tim.o
       108         12          0          0          0       2433   stm32f1xx_hal_tim_ex.o
      1554         10          0          0          0      11044   stm32f1xx_hal_uart.o
        56         18          0          0          0       5254   stm32f1xx_it.o
         2          0         24          4          0       1139   system_stm32f1xx.o
       628         52          0          0        216       4356   tim.o
       184         20          0          0         72       1718   usart.o

    ----------------------------------------------------------------------
      8576        576        310         56       1956     530210   Object Totals
         0          0         32          0          0          0   (incl. Generated)
        18          0          0          0          0          0   (incl. Padding)

    ----------------------------------------------------------------------

      Code (inc. data)   RO Data    RW Data    ZI Data      Debug   Library Member Name

         8          0          0          0          0         68   __main.o
       284          0          0          0          0        156   __printf_wp.o
         0          0          0          0          0          0   __rtentry.o
        12          0          0          0          0          0   __rtentry2.o
         6          0          0          0          0          0   __rtentry4.o
        52          8          0          0          0          0   __scatter.o
        26          0          0          0          0          0   __scatter_copy.o
        28          0          0          0          0          0   __scatter_zi.o
        48          6          0          0          0         96   _printf_char_common.o
         6          0          0          0          0          0   _printf_d.o
       120         16          0          0          0         92   _printf_dec.o
         6          0          0          0          0          0   _printf_f.o
      1054          0          0          0          0        216   _printf_fp_dec.o
       128         16          0          0          0         84   _printf_fp_infnan.o
       178          0          0          0          0         88   _printf_intcommon.o
         0          0          0          0          0          0   _printf_percent.o
         4          0          0          0          0          0   _printf_percent_end.o
        10          0          0          0          0         68   _sputc.o
       228          4        148          0          0         96   bigflt0.o
      1936        128          0          0          0        672   btod.o
        18          0          0          0          0         80   exit.o
         6          0          0          0          0        152   heapauxi.o
         0          0          0          0          0          0   indicate_semi.o
        44         10         28          0          0         76   lc_numeric_c.o
         2          0          0          0          0          0   libinit.o
        18          0          0          0          0          0   libinit2.o
         2          0          0          0          0          0   libshutdown.o
         2          0          0          0          0          0   libshutdown2.o
         8          4          0          0         96         68   libspace.o
       138          0          0          0          0         80   lludiv10.o
        40          6          0          0          0         84   noretval__2sprintf.o
         8          4          0          0          0         68   rt_locale_intlibspace.o
        78          0          0          0          0         80   rt_memclr_w.o
         2          0          0          0          0          0   rtexit.o
        10          0          0          0          0          0   rtexit2.o
       128          0          0          0          0         68   strcmpv7m.o
        62          0          0          0          0         76   strlen.o
        12          4          0          0          0         68   sys_exit.o
        74          0          0          0          0         80   sys_stackheap_outer.o
         2          0          0          0          0         68   use_no_semi.o
        12          0          0          0          0         68   dretinf.o
        86          4          0          0          0         84   f2d.o
       450          8          0          0          0        236   faddsub_clz.o
        24          0          0          0          0         68   fcmpi.o
       388         76          0          0          0         96   fdiv.o
        54          4          0          0          0         84   ffix.o
        48          0          0          0          0         68   fflt_clz.o
       104          4          0          0          0         84   fleqf.o
       258          4          0          0          0         84   fmul.o
       140          4          0          0          0         84   fnaninf.o
        10          0          0          0          0         68   fretinf.o
        98          0          0          0          0         68   frleqf.o
         4          0          0          0          0         68   printf1.o
         0          0          0          0          0          0   usenofp.o
        40          0          0          0          0         68   fpclassify.o

    ----------------------------------------------------------------------
      6522        310        176          0        100       3912   Library Totals
        18          0          0          0          4          0   (incl. Padding)

    ----------------------------------------------------------------------

      Code (inc. data)   RO Data    RW Data    ZI Data      Debug   Library Name

      4788        206        176          0         96       2684   c_w.l
      1676        104          0          0          0       1160   fz_ws.l
        40          0          0          0          0         68   m_ws.l

    ----------------------------------------------------------------------
      6522        310        176          0        100       3912   Library Totals

    ----------------------------------------------------------------------

==============================================================================


      Code (inc. data)   RO Data    RW Data    ZI Data      Debug   

     15098        886        486         56       2056     526994   Grand Totals
     15098        886        486         56       2056     526994   ELF Image Totals
     15098        886        486         56          0          0   ROM Totals

==============================================================================

    Total RO  Size (Code + RO Data)                15584 (  15.22kB)
    Total RW  Size (RW Data + ZI Data)              2112 (   2.06kB)
    Total ROM Size (Code + RO Data + RW Data)      15640 (  15.27kB)

==============================================================================

